Archive member included to satisfy reference by file (symbol)

wifi_provisioner/libwifi_provisioner.a(wifi_provisioner.c.o)
                              CMakeFiles/app.dir/src/main.c.o (pico_prov_init)
wifi_provisioner/libwifi_provisioner.a(pico_fs.c.o)
                              wifi_provisioner/libwifi_provisioner.a(wifi_provisioner.c.o) (pico_fs_init)
wifi_provisioner/libwifi_provisioner.a(pico_dhcp.c.o)
                              wifi_provisioner/libwifi_provisioner.a(wifi_provisioner.c.o) (pico_dhcp_start)
wifi_provisioner/libwifi_provisioner.a(pico_captive_portal.c.o)
                              wifi_provisioner/libwifi_provisioner.a(wifi_provisioner.c.o) (pico_captive_portal_init)
wifi_provisioner/libwifi_provisioner.a(dhcpserver.c.o)
                              wifi_provisioner/libwifi_provisioner.a(pico_dhcp.c.o) (dhcp_server_init)
/usr/lib/gcc/arm-none-eabi/13.2.1/thumb/v6-m/nofp/libgcc.a(_dvmd_tls.o)
                              CMakeFiles/app.dir/home/cooperp/pico/pico-sdk/src/rp2_common/pico_divider/divider_hardware.S.o (__aeabi_idiv0)
/usr/lib/gcc/arm-none-eabi/13.2.1/../../../arm-none-eabi/lib/thumb/v6-m/nofp/libg.a(libc_a-strchr.o)
                              CMakeFiles/app.dir/wifi_provisioner/libs/pico-littlefs/littlefs-lib/lfs.c.o (strchr)
/usr/lib/gcc/arm-none-eabi/13.2.1/../../../arm-none-eabi/lib/thumb/v6-m/nofp/libg.a(libc_a-strstr.o)
                              wifi_provisioner/libwifi_provisioner.a(pico_captive_portal.c.o) (strstr)
/usr/lib/gcc/arm-none-eabi/13.2.1/../../../arm-none-eabi/lib/thumb/v6-m/nofp/libg.a(libc_a-fflush.o)
                              wifi_provisioner/libwifi_provisioner.a(wifi_provisioner.c.o) (fflush)
/usr/lib/gcc/arm-none-eabi/13.2.1/../../../arm-none-eabi/lib/thumb/v6-m/nofp/libg.a(libc_a-strncmp.o)
                              CMakeFiles/app.dir/home/cooperp/pico/pico-sdk/lib/lwip/src/core/def.c.o (strncmp)
/usr/lib/gcc/arm-none-eabi/13.2.1/../../../arm-none-eabi/lib/thumb/v6-m/nofp/libg.a(libc_a-memmove.o)
                              CMakeFiles/app.dir/home/cooperp/pico/pico-sdk/lib/lwip/src/core/def.c.o (memmove)
/usr/lib/gcc/arm-none-eabi/13.2.1/../../../arm-none-eabi/lib/thumb/v6-m/nofp/libg.a(libc_a-calloc.o)
                              CMakeFiles/app.dir/home/cooperp/pico/pico-sdk/src/rp2_common/pico_malloc/malloc.c.o (calloc)
/usr/lib/gcc/arm-none-eabi/13.2.1/../../../arm-none-eabi/lib/thumb/v6-m/nofp/libg.a(libc_a-impure.o)
                              wifi_provisioner/libwifi_provisioner.a(wifi_provisioner.c.o) (_impure_ptr)
/usr/lib/gcc/arm-none-eabi/13.2.1/../../../arm-none-eabi/lib/thumb/v6-m/nofp/libg.a(libc_a-callocr.o)
                              /usr/lib/gcc/arm-none-eabi/13.2.1/../../../arm-none-eabi/lib/thumb/v6-m/nofp/libg.a(libc_a-calloc.o) (_calloc_r)
/usr/lib/gcc/arm-none-eabi/13.2.1/../../../arm-none-eabi/lib/thumb/v6-m/nofp/libg.a(libc_a-realloc.o)
                              CMakeFiles/app.dir/home/cooperp/pico/pico-sdk/src/rp2_common/pico_malloc/malloc.c.o (realloc)
/usr/lib/gcc/arm-none-eabi/13.2.1/../../../arm-none-eabi/lib/thumb/v6-m/nofp/libg.a(libc_a-mallocr.o)
                              /usr/lib/gcc/arm-none-eabi/13.2.1/../../../arm-none-eabi/lib/thumb/v6-m/nofp/libg.a(libc_a-callocr.o) (_malloc_r)
/usr/lib/gcc/arm-none-eabi/13.2.1/../../../arm-none-eabi/lib/thumb/v6-m/nofp/libg.a(libc_a-strcat.o)
                              wifi_provisioner/libwifi_provisioner.a(wifi_provisioner.c.o) (strcat)
/usr/lib/gcc/arm-none-eabi/13.2.1/../../../arm-none-eabi/lib/thumb/v6-m/nofp/libg.a(libc_a-freer.o)
                              /usr/lib/gcc/arm-none-eabi/13.2.1/../../../arm-none-eabi/lib/thumb/v6-m/nofp/libg.a(libc_a-fflush.o) (_free_r)
/usr/lib/gcc/arm-none-eabi/13.2.1/../../../arm-none-eabi/lib/thumb/v6-m/nofp/libg.a(libc_a-memcmp.o)
                              CMakeFiles/app.dir/home/cooperp/pico/pico-sdk/src/rp2_common/pico_atomic/atomic.c.o (memcmp)
/usr/lib/gcc/arm-none-eabi/13.2.1/../../../arm-none-eabi/lib/thumb/v6-m/nofp/libg.a(libc_a-atoi.o)
                              CMakeFiles/app.dir/home/cooperp/pico/pico-sdk/lib/lwip/src/core/netif.c.o (atoi)
/usr/lib/gcc/arm-none-eabi/13.2.1/../../../arm-none-eabi/lib/thumb/v6-m/nofp/libg.a(libc_a-strtol.o)
                              /usr/lib/gcc/arm-none-eabi/13.2.1/../../../arm-none-eabi/lib/thumb/v6-m/nofp/libg.a(libc_a-atoi.o) (_strtol_r)
/usr/lib/gcc/arm-none-eabi/13.2.1/../../../arm-none-eabi/lib/thumb/v6-m/nofp/libg.a(libc_a-malloc.o)
                              CMakeFiles/app.dir/home/cooperp/pico/pico-sdk/src/rp2_common/pico_malloc/malloc.c.o (malloc)
/usr/lib/gcc/arm-none-eabi/13.2.1/../../../arm-none-eabi/lib/thumb/v6-m/nofp/libg.a(libc_a-sysconf.o)
                              /usr/lib/gcc/arm-none-eabi/13.2.1/../../../arm-none-eabi/lib/thumb/v6-m/nofp/libg.a(libc_a-mallocr.o) (sysconf)
/usr/lib/gcc/arm-none-eabi/13.2.1/../../../arm-none-eabi/lib/thumb/v6-m/nofp/libg.a(libc_a-init.o)
[...]
Memory Configuration

Name             Origin             Length             Attributes
FLASH            0x10000000         0x00200000         xr
RAM              0x20000000         0x00040000         xrw
SCRATCH_X        0x20040000         0x00001000         xrw
SCRATCH_Y        0x20041000         0x00001000         xrw
*default*        0x00000000         0xffffffff

Linker script and memory map

LOAD /usr/lib/gcc/arm-none-eabi/13.2.1/thumb/v6-m/nofp/crti.o
LOAD /usr/lib/gcc/arm-none-eabi/13.2.1/thumb/v6-m/nofp/crtbegin.o
LOAD /usr/lib/gcc/arm-none-eabi/13.2.1/../../../arm-none-eabi/lib/thumb/v6-m/nofp/crt0.o

.flash_begin    0x10000000        0x0
                0x10000000                        __flash_binary_start = .

.boot2          0x10000000      0x100
                0x10000000                        __boot2_start__ = .
 *(.boot2)
 .boot2         0x10000000      0x100 pico-sdk/src/rp2040/boot_stage2/CMakeFiles/bs2_default_library.dir/bs2_default_padded_checksummed.S.o
                0x10000100                        __boot2_end__ = .
                0x00000001                        ASSERT (((__boot2_end__ - __boot2_start__) == 0x100), ERROR: Pico second stage bootloader must be 256 bytes in size)

.text           0x10000100    0x1f630
                0x10000100                        __logical_binary_start = .
 *(.vectors)
 .vectors       0x10000100       0xd4 CMakeFiles/app.dir/home/cooperp/pico/pico-sdk/src/rp2_common/pico_crt0/crt0.S.o
                0x10000100                __vectors
                0x10000100                __VECTOR_TABLE
                0x100001c0                isr_irq30
                0x100001c0                __unhandled_user_irq
                0x100001c0                isr_irq13
                0x100001c0                isr_irq27
                0x100001c0                isr_irq31
                0x100001c0                isr_irq5
                0x100001c0                isr_irq11
                0x100001c0                isr_irq23
                0x100001c0                isr_irq18
                0x100001c0                isr_irq28
                0x100001c0                isr_irq19
                0x100001c0                isr_irq0
                0x100001c0                isr_irq6
                0x100001c0                isr_irq22
                0x100001c0                isr_irq17
                0x100001c0                isr_irq14
                0x100001c0                __vectors_end
                0x100001c0                __default_isrs_start
                0x100001c0                isr_irq2
                0x100001c0                isr_irq10
                0x100001c0                isr_irq8
                0x100001c0                isr_irq24
                0x100001c0                isr_irq1
                0x100001c0                isr_irq7
                0x100001c0                isr_irq21
                0x100001c0                isr_irq20
                0x100001c0                isr_irq15
                0x100001c0                isr_irq25
                0x100001c0                isr_irq4
                0x100001c0                isr_irq16
                0x100001c0                isr_irq29
                0x100001c0                isr_irq26
                0x100001c0                isr_irq3
                0x100001c0                isr_irq12
                0x100001c0                isr_irq9
                0x100001c6                unhandled_user_irq_num_in_r0
                0x100001c8                isr_invalid
                0x100001ca                isr_nmi
                0x100001cc                isr_hardfault
                0x100001ce                isr_svcall
                0x100001d0                isr_pendsv
                0x100001d2                isr_systick
                0x100001d4                __default_isrs_end
 *(.binary_info_header)
 .binary_info_header
                0x100001d4       0x14 CMakeFiles/app.dir/home/cooperp/pico/pico-sdk/src/rp2_common/pico_crt0/crt0.S.o
                0x100001e8                        __binary_info_header_end = .
 *(.embedded_block)
                0x100001e8                        __embedded_block_end = .
 *(.reset)
 .reset         0x100001e8       0x9c CMakeFiles/app.dir/home/cooperp/pico/pico-sdk/src/rp2_common/pico_crt0/crt0.S.o
                0x100001e8                _entry_point
 *(.init)
 .init          0x10000284        0x4 /usr/lib/gcc/arm-none-eabi/13.2.1/thumb/v6-m/nofp/crti.o
                0x10000284                _init
 *(EXCLUDE_FILE(*libm.a: *libc.a:*lib_a-mem*.o *libgcc.a:) .text*)
 .text          0x10000288       0x98 /usr/lib/gcc/arm-none-eabi/13.2.1/thumb/v6-m/nofp/crtbegin.o
 .text.startup.main
                0x10000320       0x94 CMakeFiles/app.dir/src/main.c.o
                0x10000320                main
 .text.gpio_set_function
                0x100003b4       0x34 CMakeFiles/app.dir/home/cooperp/pico/pico-sdk/src/rp2_common/hardware_gpio/gpio.c.o
                0x100003b4                gpio_set_function
 .text.gpio_set_pulls
                0x100003e8       0x28 CMakeFiles/app.dir/home/cooperp/pico/pico-sdk/src/rp2_common/hardware_gpio/gpio.c.o
                0x100003e8                gpio_set_pulls
 .text.gpio_set_input_hysteresis_enabled
                0x10000410       0x28 CMakeFiles/app.dir/home/cooperp/pico/pico-sdk/src/rp2_common/hardware_gpio/gpio.c.o
                0x10000410                gpio_set_input_hysteresis_enabled
 .text.gpio_set_irq_enabled
                0x10000438       0x58 CMakeFiles/app.dir/home/cooperp/pico/pico-sdk/src/rp2_common/hardware_gpio/gpio.c.o
                0x10000438                gpio_set_irq_enabled
 .text.gpio_add_raw_irq_handler_with_order_priority_masked
                0x10000490       0x44 CMakeFiles/app.dir/home/cooperp/pico/pico-sdk/src/rp2_common/hardware_gpio/gpio.c.o
                0x10000490                gpio_add_raw_irq_handler_with_order_priority_masked
 .text.gpio_remove_raw_irq_handler_masked
                0x100004d4       0x20 CMakeFiles/app.dir/home/cooperp/pico/pico-sdk/src/rp2_common/hardware_gpio/gpio.c.o
                0x100004d4                gpio_remove_raw_irq_handler_masked
 .text.gpio_init
                0x100004f4       0x40 CMakeFiles/app.dir/home/cooperp/pico/pico-sdk/src/rp2_common/hardware_gpio/gpio.c.o
                0x100004f4                gpio_init
 .text.rp2040_chip_version
                0x10000534        0xc CMakeFiles/app.dir/home/cooperp/pico/pico-sdk/src/rp2040/pico_platform/platform.c.o
                0x10000534                rp2040_chip_version
 .text.panic    0x10000540       0x30 CMakeFiles/app.dir/home/cooperp/pico/pico-sdk/src/rp2_common/pico_platform_panic/panic.c.o
                0x10000540                panic
 .text.hw_claim_lock
                0x10000570       0x18 CMakeFiles/app.dir/home/cooperp/pico/pico-sdk/src/common/hardware_claim/claim.c.o
                0x10000570                hw_claim_lock
 .text.hw_claim_unlock
                0x10000588       0x14 CMakeFiles/app.dir/home/cooperp/pico/pico-sdk/src/common/hardware_claim/claim.c.o
                0x10000588                hw_claim_unlock
 .text.hw_claim_or_assert
                0x1000059c       0x44 CMakeFiles/app.dir/home/cooperp/pico/pico-sdk/src/common/hardware_claim/claim.c.o
                0x1000059c                hw_claim_or_assert
 .text.hw_claim_unused_from_range
                0x100005e0       0x9c CMakeFiles/app.dir/home/cooperp/pico/pico-sdk/src/common/hardware_claim/claim.c.o
                0x100005e0                hw_claim_unused_from_range
 .text.hw_claim_clear
                0x1000067c       0x38 CMakeFiles/app.dir/home/cooperp/pico/pico-sdk/src/common/hardware_claim/claim.c.o
                0x1000067c                hw_claim_clear
 .text.next_striped_spin_lock_num
                0x100006b4       0x18 CMakeFiles/app.dir/home/cooperp/pico/pico-sdk/src/rp2_common/hardware_sync/sync.c.o
                0x100006b4                next_striped_spin_lock_num
 .text.spin_lock_claim_unused
                0x100006cc       0x24 CMakeFiles/app.dir/home/cooperp/pico/pico-sdk/src/rp2_common/hardware_sync/sync.c.o
                0x100006cc                spin_lock_claim_unused
 .text.spin_locks_reset
                0x100006f0       0x1c CMakeFiles/app.dir/home/cooperp/pico/pico-sdk/src/rp2_common/hardware_sync_spin_lock/sync_spin_lock.c.o
                0x100006f0                spin_locks_reset
 .text.runtime_init_per_core_irq_priorities
                0x1000070c       0x24 CMakeFiles/app.dir/home/cooperp/pico/pico-sdk/src/rp2_common/hardware_irq/irq.c.o
                0x1000070c                runtime_init_per_core_irq_priorities
 .text.irq_set_enabled
                0x10000730       0x24 CMakeFiles/app.dir/home/cooperp/pico/pico-sdk/src/rp2_common/hardware_irq/irq.c.o
                0x10000730                irq_set_enabled
 .text.irq_is_enabled
                0x10000754       0x18 CMakeFiles/app.dir/home/cooperp/pico/pico-sdk/src/rp2_common/hardware_irq/irq.c.o
                0x10000754                irq_is_enabled
 .text.irq_set_pending
                0x1000076c       0x10 CMakeFiles/app.dir/home/cooperp/pico/pico-sdk/src/rp2_common/hardware_irq/irq.c.o
                0x1000076c                irq_set_pending
 .text.irq_has_shared_handler
                0x1000077c       0x24 CMakeFiles/app.dir/home/cooperp/pico/pico-sdk/src/rp2_common/hardware_irq/irq.c.o
                0x1000077c                irq_has_shared_handler
 .text.irq_set_exclusive_handler
                0x100007a0       0x54 CMakeFiles/app.dir/home/cooperp/pico/pico-sdk/src/rp2_common/hardware_irq/irq.c.o
                0x100007a0                irq_set_exclusive_handler
 .text.irq_add_shared_handler
                0x100007f4      0x1f4 CMakeFiles/app.dir/home/cooperp/pico/pico-sdk/src/rp2_common/hardware_irq/irq.c.o
                0x100007f4                irq_add_shared_handler
 .text.irq_remove_handler
                0x100009e8      0x1d4 CMakeFiles/app.dir/home/cooperp/pico/pico-sdk/src/rp2_common/hardware_irq/irq.c.o
                0x100009e8                irq_remove_handler
 .text.irq_set_priority
                0x10000bbc       0x28 CMakeFiles/app.dir/home/cooperp/pico/pico-sdk/src/rp2_common/hardware_irq/irq.c.o
                0x10000bbc                irq_set_priority
 .text.irq_add_tail_to_free_list
                0x10000be4       0xb4 CMakeFiles/app.dir/home/cooperp/pico/pico-sdk/src/rp2_common/hardware_irq/irq.c.o
                0x10000be4                irq_add_tail_to_free_list
 .text.user_irq_unclaim
                0x10000c98       0x14 CMakeFiles/app.dir/home/cooperp/pico/pico-sdk/src/rp2_common/hardware_irq/irq.c.o
                0x10000c98                user_irq_unclaim
 .text.user_irq_claim_unused
                0x10000cac       0x2c CMakeFiles/app.dir/home/cooperp/pico/pico-sdk/src/rp2_common/hardware_irq/irq.c.o
                0x10000cac                user_irq_claim_unused
 .text.sem_init
                0x10000cd8       0x20 CMakeFiles/app.dir/home/cooperp/pico/pico-sdk/src/common/pico_sync/sem.c.o
                0x10000cd8                sem_init
 .text.lock_init
                0x10000cf8       0x10 CMakeFiles/app.dir/home/cooperp/pico/pico-sdk/src/common/pico_sync/lock_core.c.o
                0x10000cf8                lock_init
 .text.runtime_init_mutex
                0x10000d08       0x50 CMakeFiles/app.dir/home/cooperp/pico/pico-sdk/src/common/pico_sync/mutex.c.o
                0x10000d08                runtime_init_mutex
 .text.mutex_init
                0x10000d58       0x1c CMakeFiles/app.dir/home/cooperp/pico/pico-sdk/src/common/pico_sync/mutex.c.o
                0x10000d58                mutex_init
 .text.recursive_mutex_init
                0x10000d74       0x1c CMakeFiles/app.dir/home/cooperp/pico/pico-sdk/src/common/pico_sync/mutex.c.o
                0x10000d74                recursive_mutex_init
 .text.critical_section_init
                0x10000d90       0x1c CMakeFiles/app.dir/home/cooperp/pico/pico-sdk/src/common/pico_sync/critical_section.c.o
                0x10000d90                critical_section_init
 .text.critical_section_init_with_lock_num
                0x10000dac       0x14 CMakeFiles/app.dir/home/cooperp/pico/pico-sdk/src/common/pico_sync/critical_section.c.o
                0x10000dac                critical_section_init_with_lock_num
 .text.sleep_until_callback
                0x10000dc0       0x30 CMakeFiles/app.dir/home/cooperp/pico/pico-sdk/src/common/pico_time/time.c.o
 .text.alarm_pool_irq_handler
                0x10000df0      0x2fc CMakeFiles/app.dir/home/cooperp/pico/pico-sdk/src/common/pico_time/time.c.o
 .text.runtime_init_default_alarm_pool
                0x100010ec       0xdc CMakeFiles/app.dir/home/cooperp/pico/pico-sdk/src/common/pico_time/time.c.o
                0x100010ec                runtime_init_default_alarm_pool
 .text.alarm_pool_get_default
                0x100011c8        0x8 CMakeFiles/app.dir/home/cooperp/pico/pico-sdk/src/common/pico_time/time.c.o
                0x100011c8                alarm_pool_get_default
 .text.alarm_pool_add_alarm_at
                0x100011d0       0xd4 CMakeFiles/app.dir/home/cooperp/pico/pico-sdk/src/common/pico_time/time.c.o
                0x100011d0                alarm_pool_add_alarm_at
 .text.alarm_pool_add_alarm_at_force_in_context
                0x100012a4       0xb0 CMakeFiles/app.dir/home/cooperp/pico/pico-sdk/src/common/pico_time/time.c.o
                0x100012a4                alarm_pool_add_alarm_at_force_in_context
 .text.alarm_pool_cancel_alarm
                0x10001354       0x74 CMakeFiles/app.dir/home/cooperp/pico/pico-sdk/src/common/pico_time/time.c.o
                0x10001354                alarm_pool_cancel_alarm
 .text.alarm_pool_core_num
                0x100013c8        0x4 CMakeFiles/app.dir/home/cooperp/pico/pico-sdk/src/common/pico_time/time.c.o
                0x100013c8                alarm_pool_core_num
 .text.sleep_until
                0x100013cc       0xd8 CMakeFiles/app.dir/home/cooperp/pico/pico-sdk/src/common/pico_time/time.c.o
                0x100013cc                sleep_until
 .text.sleep_ms
                0x100014a4       0x38 CMakeFiles/app.dir/home/cooperp/pico/pico-sdk/src/common/pico_time/time.c.o
                0x100014a4                sleep_ms
 .text.best_effort_wfe_or_timeout
                0x100014dc       0xf8 CMakeFiles/app.dir/home/cooperp/pico/pico-sdk/src/common/pico_time/time.c.o
                0x100014dc                best_effort_wfe_or_timeout
 .text.timer_hardware_alarm_claim
                0x100015d4       0x14 CMakeFiles/app.dir/home/cooperp/pico/pico-sdk/src/rp2_common/hardware_timer/timer.c.o
                0x100015d4                timer_hardware_alarm_claim
 .text.timer_time_us_64
                0x100015e8       0x10 CMakeFiles/app.dir/home/cooperp/pico/pico-sdk/src/rp2_common/hardware_timer/timer.c.o
                0x100015e8                timer_time_us_64
 .text.time_us_64
                0x100015f8       0x14 CMakeFiles/app.dir/home/cooperp/pico/pico-sdk/src/rp2_common/hardware_timer/timer.c.o
                0x100015f8                time_us_64
 .text.busy_wait_us
                0x1000160c       0x68 CMakeFiles/app.dir/home/cooperp/pico/pico-sdk/src/rp2_common/hardware_timer/timer.c.o
                0x1000160c                busy_wait_us
 .text.busy_wait_until
                0x10001674       0x20 CMakeFiles/app.dir/home/cooperp/pico/pico-sdk/src/rp2_common/hardware_timer/timer.c.o
                0x10001674                busy_wait_until
 .text.clock_configure_int_divider
                0x10001694       0xf4 CMakeFiles/app.dir/home/cooperp/pico/pico-sdk/src/rp2_common/hardware_clocks/clocks.c.o
                0x10001694                clock_configure_int_divider
 .text.clock_configure_undivided
                0x10001788       0xe8 CMakeFiles/app.dir/home/cooperp/pico/pico-sdk/src/rp2_common/hardware_clocks/clocks.c.o
                0x10001788                clock_configure_undivided
 .text.clock_get_hz
                0x10001870        0xc CMakeFiles/app.dir/home/cooperp/pico/pico-sdk/src/rp2_common/hardware_clocks/clocks.c.o
                0x10001870                clock_get_hz
 .text.pll_init
                0x1000187c       0xa4 CMakeFiles/app.dir/home/cooperp/pico/pico-sdk/src/rp2_common/hardware_pll/pll.c.o
                0x1000187c                pll_init
 .text.watchdog_reboot
                0x10001920       0x9c CMakeFiles/app.dir/home/cooperp/pico/pico-sdk/src/rp2_common/hardware_watchdog/watchdog.c.o
                0x10001920                watchdog_reboot
 .text.tick_start
                0x100019bc       0x10 CMakeFiles/app.dir/home/cooperp/pico/pico-sdk/src/rp2_common/hardware_ticks/ticks.c.o
                0x100019bc                tick_start
 .text.rom_func_lookup
                0x100019cc       0x10 CMakeFiles/app.dir/home/cooperp/pico/pico-sdk/src/rp2_common/pico_bootrom/bootrom.c.o
                0x100019cc                rom_func_lookup
 .text.rom_data_lookup
                0x100019dc       0x10 CMakeFiles/app.dir/home/cooperp/pico/pico-sdk/src/rp2_common/pico_bootrom/bootrom.c.o
                0x100019dc                rom_data_lookup
 .text.rom_funcs_lookup
                0x100019ec       0x44 CMakeFiles/app.dir/home/cooperp/pico/pico-sdk/src/rp2_common/pico_bootrom/bootrom.c.o
                0x100019ec                rom_funcs_lookup
 .text.rom_reset_usb_boot_extra
                0x10001a30       0x28 CMakeFiles/app.dir/home/cooperp/pico/pico-sdk/src/rp2_common/pico_bootrom/bootrom.c.o
                0x10001a30                rom_reset_usb_boot_extra
 .text.xosc_init
                0x10001a58       0x28 CMakeFiles/app.dir/home/cooperp/pico/pico-sdk/src/rp2_common/hardware_xosc/xosc.c.o
                0x10001a58                xosc_init
 .text.first_per_core_initializer
                0x10001a80        0x4 CMakeFiles/app.dir/home/cooperp/pico/pico-sdk/src/rp2_common/pico_runtime/runtime.c.o
 .text.hard_assertion_failure
                0x10001a84        0xc CMakeFiles/app.dir/home/cooperp/pico/pico-sdk/src/rp2_common/pico_runtime/runtime.c.o
                0x10001a84                hard_assertion_failure
 .text.runtime_run_initializers
                0x10001a90       0x28 CMakeFiles/app.dir/home/cooperp/pico/pico-sdk/src/rp2_common/pico_runtime/runtime.c.o
                0x10001a90                runtime_run_initializers
 .text.runtime_init_early_resets
                0x10001ab8       0x2c CMakeFiles/app.dir/home/cooperp/pico/pico-sdk/src/rp2_common/pico_runtime_init/runtime_init.c.o
                0x10001ab8                runtime_init_early_resets
 .text.runtime_init_usb_power_down
                0x10001ae4       0x1c CMakeFiles/app.dir/home/cooperp/pico/pico-sdk/src/rp2_common/pico_runtime_init/runtime_init.c.o
                0x10001ae4                runtime_init_usb_power_down
 .text.runtime_init_post_clock_resets
                0x10001b00       0x20 CMakeFiles/app.dir/home/cooperp/pico/pico-sdk/src/rp2_common/pico_runtime_init/runtime_init.c.o
                0x10001b00                runtime_init_post_clock_resets
 .text.runtime_init_rp2040_gpio_ie_disable
                0x10001b20       0x14 CMakeFiles/app.dir/home/cooperp/pico/pico-sdk/src/rp2_common/pico_runtime_init/runtime_init.c.o
                0x10001b20                runtime_init_rp2040_gpio_ie_disable
 .text.runtime_init_spin_locks_reset
                0x10001b34        0x8 CMakeFiles/app.dir/home/cooperp/pico/pico-sdk/src/rp2_common/pico_runtime_init/runtime_init.c.o
                0x10001b34                runtime_init_spin_locks_reset
 .text.runtime_init_install_ram_vector_table
                0x10001b3c       0xb4 CMakeFiles/app.dir/home/cooperp/pico/pico-sdk/src/rp2_common/pico_runtime_init/runtime_init.c.o
                0x10001b3c                runtime_init_install_ram_vector_table
 .text.runtime_init_clocks
                0x10001bf0       0xd8 CMakeFiles/app.dir/home/cooperp/pico/pico-sdk/src/rp2_common/pico_runtime_init/runtime_init_clocks.c.o
                0x10001bf0                runtime_init_clocks
 .text          0x10001cc8       0x10 CMakeFiles/app.dir/home/cooperp/pico/pico-sdk/src/rp2_common/pico_bit_ops/bit_ops_aeabi.S.o
 .text.clzsi    0x10001cd8        0xc CMakeFiles/app.dir/home/cooperp/pico/pico-sdk/src/rp2_common/pico_bit_ops/bit_ops_aeabi.S.o
                0x10001cd8                __wrap___clz
                0x10001cd8                __wrap___clzsi2
                0x10001cd8                __wrap___clzl
 .text.ctzsi    0x10001ce4        0xc CMakeFiles/app.dir/home/cooperp/pico/pico-sdk/src/rp2_common/pico_bit_ops/bit_ops_aeabi.S.o
                0x10001ce4                __wrap___ctzsi2
 .text.popcountsi
                0x10001cf0        0xc CMakeFiles/app.dir/home/cooperp/pico/pico-sdk/src/rp2_common/pico_bit_ops/bit_ops_aeabi.S.o
                0x10001cf0                __wrap___popcountsi2
 .text.__wrap___aeabi_idiv
                0x10001cfc       0x50 CMakeFiles/app.dir/home/cooperp/pico/pico-sdk/src/rp2_common/pico_divider/divider_hardware.S.o
                0x10001cfc                __wrap___aeabi_idivmod
                0x10001cfc                divmod_s32s32
                0x10001cfc                div_s32s32
                0x10001cfc                __wrap___aeabi_idiv
                0x10001d04                divmod_s32s32_unsafe
                0x10001d30                divmod_s32s32_savestate
 .text.__wrap___aeabi_uidiv
                0x10001d4c       0x4c CMakeFiles/app.dir/home/cooperp/pico/pico-sdk/src/rp2_common/pico_divider/divider_hardware.S.o
                0x10001d4c                __wrap___aeabi_uidiv
                0x10001d4c                __wrap___aeabi_uidivmod
                0x10001d4c                div_u32u32
                0x10001d4c                divmod_u32u32
                0x10001d54                divmod_u32u32_unsafe
                0x10001d7c                divmod_u32u32_savestate
 .text.__wrap___aeabi_ldiv
                0x10001d98      0x424 CMakeFiles/app.dir/home/cooperp/pico/pico-sdk/src/rp2_common/pico_divider/divider_hardware.S.o
                0x10001d98                div_s64s64
                0x10001d98                divmod_s64s64
                0x10001d98                __wrap___aeabi_ldivmod
                0x10001dc8                div_u64u64
                0x10001dc8                divmod_u64u64
                0x10001dc8                __wrap___aeabi_uldivmod
                0x10001dd8                divmod_u64u64_savestate
                0x10001df8                divmod_s64s64_unsafe
                0x10001e80                divmod_u64u64_unsafe
 .text.__wrap___aeabi_darithmetic
                0x100021bc       0x60 CMakeFiles/app.dir/home/cooperp/pico/pico-sdk/src/rp2_common/pico_double/double_aeabi_rp2040.S.o
                0x100021bc                __wrap___aeabi_drsub
                0x100021c2                __wrap___aeabi_dsub
                0x100021cc                __wrap___aeabi_dadd
                0x100021d6                __wrap___aeabi_ddiv
                0x1000220a                __wrap___aeabi_dmul
 .text.__wrap___aeabi_cdcmple
                0x1000221c       0x6c CMakeFiles/app.dir/home/cooperp/pico/pico-sdk/src/rp2_common/pico_double/double_aeabi_rp2040.S.o
                0x1000221c                __wrap___aeabi_cdrcmple
                0x1000222c                __wrap___aeabi_cdcmple
                0x1000222c                __wrap___aeabi_cdcmpeq
 .text.__wrap___aeabi_dcmplt
                0x10002288        0xc CMakeFiles/app.dir/home/cooperp/pico/pico-sdk/src/rp2_common/pico_double/double_aeabi_rp2040.S.o
                0x10002288                __wrap___aeabi_dcmplt
 .text.__wrap___aeabi_dcmpge
                0x10002294       0x10 CMakeFiles/app.dir/home/cooperp/pico/pico-sdk/src/rp2_common/pico_double/double_aeabi_rp2040.S.o
                0x10002294                __wrap___aeabi_dcmpge
 .text.__wrap___aeabi_dcmpgt
                0x100022a4        0xa CMakeFiles/app.dir/home/cooperp/pico/pico-sdk/src/rp2_common/pico_double/double_aeabi_rp2040.S.o
                0x100022a4                __wrap___aeabi_dcmpgt
 .text.__wrap___aeabi_dcmpun
                0x100022ae       0x18 CMakeFiles/app.dir/home/cooperp/pico/pico-sdk/src/rp2_common/pico_double/double_aeabi_rp2040.S.o
                0x100022ae                __wrap___aeabi_dcmpun
 *fill*         0x100022c6        0x2 
 .text.__wrap___aeabi_i2d
                0x100022c8       0x38 CMakeFiles/app.dir/home/cooperp/pico/pico-sdk/src/rp2_common/pico_double/double_aeabi_rp2040.S.o
                0x100022c8                __wrap___aeabi_ui2d
                0x100022c8                uint2double
                0x100022d0                __wrap___aeabi_i2d
                0x100022d0                int2double
 .text.__wrap___aeabi_d2iz
                0x10002300       0x48 CMakeFiles/app.dir/home/cooperp/pico/pico-sdk/src/rp2_common/pico_double/double_aeabi_rp2040.S.o
                0x10002300                __wrap___aeabi_d2iz
                0x10002300                double2int_z
 .text.__wrap___aeabi_d2uiz
                0x10002348       0x10 CMakeFiles/app.dir/home/cooperp/pico/pico-sdk/src/rp2_common/pico_double/double_aeabi_rp2040.S.o
                0x10002348                double2uint_z
                0x10002348                double2uint
                0x10002348                __wrap___aeabi_d2uiz
 .text.missing_double_func_shim
                0x10002358        0xc CMakeFiles/app.dir/home/cooperp/pico/pico-sdk/src/rp2_common/pico_double/double_init_rom_rp2040.c.o
 .text.__aeabi_double_init
                0x10002364       0xa0 CMakeFiles/app.dir/home/cooperp/pico/pico-sdk/src/rp2_common/pico_double/double_init_rom_rp2040.c.o
                0x10002364                __aeabi_double_init
 .text.double_table_shim_on_use_helper
                0x10002404       0x2c CMakeFiles/app.dir/home/cooperp/pico/pico-sdk/src/rp2_common/pico_double/double_v1_rom_shim_rp2040.S.o
                0x10002404                double_table_shim_on_use_helper
 .text.__aeabi_lmul
                0x10002430       0x32 CMakeFiles/app.dir/home/cooperp/pico/pico-sdk/src/rp2_common/pico_int64_ops/pico_int64_ops_aeabi.S.o
                0x10002430                __wrap___aeabi_lmul
 *fill*         0x10002462        0x2 
 .text.missing_float_func_shim
                0x10002464        0xc CMakeFiles/app.dir/home/cooperp/pico/pico-sdk/src/rp2_common/pico_float/float_init_rom_rp2040.c.o
 .text.__aeabi_float_init
                0x10002470       0x5c CMakeFiles/app.dir/home/cooperp/pico/pico-sdk/src/rp2_common/pico_float/float_init_rom_rp2040.c.o
                0x10002470                __aeabi_float_init
 .text.__wrap_malloc
                0x100024cc       0x24 CMakeFiles/app.dir/home/cooperp/pico/pico-sdk/src/rp2_common/pico_malloc/malloc.c.o
                0x100024cc                __wrap_malloc
 .text.__wrap_calloc
                0x100024f0       0x28 CMakeFiles/app.dir/home/cooperp/pico/pico-sdk/src/rp2_common/pico_malloc/malloc.c.o
                0x100024f0                __wrap_calloc
 .text.__wrap_free
                0x10002518        0x8 CMakeFiles/app.dir/home/cooperp/pico/pico-sdk/src/rp2_common/pico_malloc/malloc.c.o
                0x10002518                __wrap_free
 .text          0x10002520       0x10 CMakeFiles/app.dir/home/cooperp/pico/pico-sdk/src/rp2_common/pico_mem_ops/mem_ops_aeabi.S.o
                0x10002520                __aeabi_mem_init
 .text.memset   0x10002530        0xc CMakeFiles/app.dir/home/cooperp/pico/pico-sdk/src/rp2_common/pico_mem_ops/mem_ops_aeabi.S.o
                0x10002530                __wrap_memset
 .text.memcpy   0x1000253c        0xc CMakeFiles/app.dir/home/cooperp/pico/pico-sdk/src/rp2_common/pico_mem_ops/mem_ops_aeabi.S.o
                0x1000253c                __wrap___aeabi_memcpy
                0x1000253c                __wrap_memcpy
 .text._out_buffer
                0x10002548        0x8 CMakeFiles/app.dir/home/cooperp/pico/pico-sdk/src/rp2_common/pico_printf/printf.c.o
 .text._out_null
                0x10002550        0x4 CMakeFiles/app.dir/home/cooperp/pico/pico-sdk/src/rp2_common/pico_printf/printf.c.o
 .text._out_rev
                0x10002554       0xac CMakeFiles/app.dir/home/cooperp/pico/pico-sdk/src/rp2_common/pico_printf/printf.c.o
 .text._ntoa_format
                0x10002600      0x250 CMakeFiles/app.dir/home/cooperp/pico/pico-sdk/src/rp2_common/pico_printf/printf.c.o
 .text._out_char
                0x10002850       0x10 CMakeFiles/app.dir/home/cooperp/pico/pico-sdk/src/rp2_common/pico_printf/printf.c.o
 .text._out_fct
                0x10002860       0x10 CMakeFiles/app.dir/home/cooperp/pico/pico-sdk/src/rp2_common/pico_printf/printf.c.o
 .text._etoa    0x10002870      0x464 CMakeFiles/app.dir/home/cooperp/pico/pico-sdk/src/rp2_common/pico_printf/printf.c.o
 .text._ftoa    0x10002cd4      0x3c0 CMakeFiles/app.dir/home/cooperp/pico/pico-sdk/src/rp2_common/pico_printf/printf.c.o
 .text._vsnprintf
                0x10003094      0xbc8 CMakeFiles/app.dir/home/cooperp/pico/pico-sdk/src/rp2_common/pico_printf/printf.c.o
 .text.__wrap_snprintf
                0x10003c5c       0x28 CMakeFiles/app.dir/home/cooperp/pico/pico-sdk/src/rp2_common/pico_printf/printf.c.o
                0x10003c5c                __wrap_snprintf
 .text.vfctprintf
                0x10003c84       0x20 CMakeFiles/app.dir/home/cooperp/pico/pico-sdk/src/rp2_common/pico_printf/printf.c.o
                0x10003c84                vfctprintf
 .text.weak_raw_vprintf
                0x10003ca4       0x30 CMakeFiles/app.dir/home/cooperp/pico/pico-sdk/src/rp2_common/pico_printf/printf.c.o
                0x10003ca4                weak_raw_vprintf
 .text._exit    0x10003cd4        0x4 CMakeFiles/app.dir/home/cooperp/pico/pico-sdk/src/rp2_common/pico_clib_interface/newlib_interface.c.o
                0x10003cd4                _exit
 .text._sbrk    0x10003cd8       0x34 CMakeFiles/app.dir/home/cooperp/pico/pico-sdk/src/rp2_common/pico_clib_interface/newlib_interface.c.o
                0x10003cd8                _sbrk
 .text._read    0x10003d0c       0x24 CMakeFiles/app.dir/home/cooperp/pico/pico-sdk/src/rp2_common/pico_clib_interface/newlib_interface.c.o
                0x10003d0c                _read
 .text._write   0x10003d30       0x24 CMakeFiles/app.dir/home/cooperp/pico/pico-sdk/src/rp2_common/pico_clib_interface/newlib_interface.c.o
                0x10003d30                _write
 .text._close   0x10003d54        0x8 CMakeFiles/app.dir/home/cooperp/pico/pico-sdk/src/rp2_common/pico_clib_interface/newlib_interface.c.o
                0x10003d54                _close
 .text._lseek   0x10003d5c        0x8 CMakeFiles/app.dir/home/cooperp/pico/pico-sdk/src/rp2_common/pico_clib_interface/newlib_interface.c.o
                0x10003d5c                _lseek
 .text.exit     0x10003d64        0x8 CMakeFiles/app.dir/home/cooperp/pico/pico-sdk/src/rp2_common/pico_clib_interface/newlib_interface.c.o
                0x10003d64                exit
 .text.runtime_init
                0x10003d6c       0x2c CMakeFiles/app.dir/home/cooperp/pico/pico-sdk/src/rp2_common/pico_clib_interface/newlib_interface.c.o
                0x10003d6c                runtime_init
 .text.stdio_out_chars_no_crlf
                0x10003d98       0x10 CMakeFiles/app.dir/home/cooperp/pico/pico-sdk/src/rp2_common/pico_stdio/stdio.c.o
 .text.stdio_out_chars_crlf
                0x10003da8       0x94 CMakeFiles/app.dir/home/cooperp/pico/pico-sdk/src/rp2_common/pico_stdio/stdio.c.o
 .text.stdio_buffered_printer
                0x10003e3c       0x64 CMakeFiles/app.dir/home/cooperp/pico/pico-sdk/src/rp2_common/pico_stdio/stdio.c.o
 .text.stdio_put_string
                0x10003ea0      0x100 CMakeFiles/app.dir/home/cooperp/pico/pico-sdk/src/rp2_common/pico_stdio/stdio.c.o
                0x10003ea0                stdio_put_string
 .text.stdio_get_until
                0x10003fa0       0x84 CMakeFiles/app.dir/home/cooperp/pico/pico-sdk/src/rp2_common/pico_stdio/stdio.c.o
                0x10003fa0                stdio_get_until
 .text.stdio_set_driver_enabled
                0x10004024       0x30 CMakeFiles/app.dir/home/cooperp/pico/pico-sdk/src/rp2_common/pico_stdio/stdio.c.o
                0x10004024                stdio_set_driver_enabled
 .text.stdio_init_all
                0x10004054        0x8 CMakeFiles/app.dir/home/cooperp/pico/pico-sdk/src/rp2_common/pico_stdio/stdio.c.o
                0x10004054                stdio_init_all
 .text.__wrap_putchar
                0x1000405c       0x98 CMakeFiles/app.dir/home/cooperp/pico/pico-sdk/src/rp2_common/pico_stdio/stdio.c.o
                0x1000405c                stdio_putchar
                0x1000405c                __wrap_putchar
 .text.__wrap_puts
                0x100040f4       0x3c CMakeFiles/app.dir/home/cooperp/pico/pico-sdk/src/rp2_common/pico_stdio/stdio.c.o
                0x100040f4                __wrap_puts
                0x100040f4                stdio_puts
 .text.__wrap_vprintf
                0x10004130       0xd4 CMakeFiles/app.dir/home/cooperp/pico/pico-sdk/src/rp2_common/pico_stdio/stdio.c.o
                0x10004130                __wrap_vprintf
                0x10004130                stdio_vprintf
 .text.__wrap_printf
                0x10004204       0x18 CMakeFiles/app.dir/home/cooperp/pico/pico-sdk/src/rp2_common/pico_stdio/stdio.c.o
                0x10004204                stdio_printf
                0x10004204                __wrap_printf
 .text.resetd_init
                0x1000421c        0x4 CMakeFiles/app.dir/home/cooperp/pico/pico-sdk/src/rp2_common/pico_stdio_usb/reset_interface.c.o
 .text.resetd_reset
                0x10004220        0xc CMakeFiles/app.dir/home/cooperp/pico/pico-sdk/src/rp2_common/pico_stdio_usb/reset_interface.c.o
 .text.resetd_open
                0x1000422c       0x28 CMakeFiles/app.dir/home/cooperp/pico/pico-sdk/src/rp2_common/pico_stdio_usb/reset_interface.c.o
 .text.resetd_xfer_cb
                0x10004254        0x4 CMakeFiles/app.dir/home/cooperp/pico/pico-sdk/src/rp2_common/pico_stdio_usb/reset_interface.c.o
 .text.resetd_control_xfer_cb
                0x10004258       0x5c CMakeFiles/app.dir/home/cooperp/pico/pico-sdk/src/rp2_common/pico_stdio_usb/reset_interface.c.o
 .text.tud_descriptor_bos_cb
                0x100042b4        0x8 CMakeFiles/app.dir/home/cooperp/pico/pico-sdk/src/rp2_common/pico_stdio_usb/reset_interface.c.o
                0x100042b4                tud_descriptor_bos_cb
 .text.tud_vendor_control_xfer_cb
                0x100042bc       0x34 CMakeFiles/app.dir/home/cooperp/pico/pico-sdk/src/rp2_common/pico_stdio_usb/reset_interface.c.o
                0x100042bc                tud_vendor_control_xfer_cb
 .text.usbd_app_driver_get_cb
                0x100042f0        0xc CMakeFiles/app.dir/home/cooperp/pico/pico-sdk/src/rp2_common/pico_stdio_usb/reset_interface.c.o
                0x100042f0                usbd_app_driver_get_cb
 .text.tud_cdc_line_coding_cb
                0x100042fc       0x2c CMakeFiles/app.dir/home/cooperp/pico/pico-sdk/src/rp2_common/pico_stdio_usb/reset_interface.c.o
                0x100042fc                tud_cdc_line_coding_cb
 .text.stdio_usb_set_chars_available_callback
                0x10004328       0x14 CMakeFiles/app.dir/home/cooperp/pico/pico-sdk/src/rp2_common/pico_stdio_usb/stdio_usb.c.o
                0x10004328                stdio_usb_set_chars_available_callback
 .text.usb_irq  0x1000433c       0x10 CMakeFiles/app.dir/home/cooperp/pico/pico-sdk/src/rp2_common/pico_stdio_usb/stdio_usb.c.o
 .text.timer_task
                0x1000434c       0x64 CMakeFiles/app.dir/home/cooperp/pico/pico-sdk/src/rp2_common/pico_stdio_usb/stdio_usb.c.o
 .text.stdio_usb_in_chars
                0x100043b0       0x90 CMakeFiles/app.dir/home/cooperp/pico/pico-sdk/src/rp2_common/pico_stdio_usb/stdio_usb.c.o
                0x100043b0                stdio_usb_in_chars
 .text.stdio_usb_out_flush
                0x10004440       0x50 CMakeFiles/app.dir/home/cooperp/pico/pico-sdk/src/rp2_common/pico_stdio_usb/stdio_usb.c.o
 .text.stdio_usb_out_chars
                0x10004490      0x104 CMakeFiles/app.dir/home/cooperp/pico/pico-sdk/src/rp2_common/pico_stdio_usb/stdio_usb.c.o
 .text.low_priority_worker_irq
                0x10004594       0xcc CMakeFiles/app.dir/home/cooperp/pico/pico-sdk/src/rp2_common/pico_stdio_usb/stdio_usb.c.o
 .text.stdio_usb_init
                0x10004660       0xec CMakeFiles/app.dir/home/cooperp/pico/pico-sdk/src/rp2_common/pico_stdio_usb/stdio_usb.c.o
                0x10004660                stdio_usb_init
 .text.tud_descriptor_device_cb
                0x1000474c        0x8 CMakeFiles/app.dir/home/cooperp/pico/pico-sdk/src/rp2_common/pico_stdio_usb/stdio_usb_descriptors.c.o
                0x1000474c                tud_descriptor_device_cb
 .text.tud_descriptor_configuration_cb
                0x10004754        0x8 CMakeFiles/app.dir/home/cooperp/pico/pico-sdk/src/rp2_common/pico_stdio_usb/stdio_usb_descriptors.c.o
                0x10004754                tud_descriptor_configuration_cb
 .text.tud_descriptor_string_cb
                0x1000475c       0x78 CMakeFiles/app.dir/home/cooperp/pico/pico-sdk/src/rp2_common/pico_stdio_usb/stdio_usb_descriptors.c.o
                0x1000475c                tud_descriptor_string_cb
 .text.startup._retrieve_unique_id_on_boot
                0x100047d4       0x10 CMakeFiles/app.dir/home/cooperp/pico/pico-sdk/src/rp2_common/pico_unique_id/unique_id.c.o
 .text.pico_get_unique_board_id
                0x100047e4       0x10 CMakeFiles/app.dir/home/cooperp/pico/pico-sdk/src/rp2_common/pico_unique_id/unique_id.c.o
                0x100047e4                pico_get_unique_board_id
 .text.pico_get_unique_board_id_string
                0x100047f4      0x1a8 CMakeFiles/app.dir/home/cooperp/pico/pico-sdk/src/rp2_common/pico_unique_id/unique_id.c.o
                0x100047f4                pico_get_unique_board_id_string
 .text.flash_get_unique_id
                0x1000499c       0x3c CMakeFiles/app.dir/home/cooperp/pico/pico-sdk/src/rp2_common/hardware_flash/flash.c.o
                0x1000499c                flash_get_unique_id
 .text.dcd_init
                0x100049d8       0x90 CMakeFiles/app.dir/home/cooperp/pico/pico-sdk/lib/tinyusb/src/portable/raspberrypi/rp2040/dcd_rp2040.c.o
                0x100049d8                dcd_init
 .text.dcd_int_enable
                0x10004a68        0xc CMakeFiles/app.dir/home/cooperp/pico/pico-sdk/lib/tinyusb/src/portable/raspberrypi/rp2040/dcd_rp2040.c.o
                0x10004a68                dcd_int_enable
 .text.dcd_set_address
                0x10004a74       0x14 CMakeFiles/app.dir/home/cooperp/pico/pico-sdk/lib/tinyusb/src/portable/raspberrypi/rp2040/dcd_rp2040.c.o
                0x10004a74                dcd_set_address
 .text.dcd_sof_enable
                0x10004a88       0x1c CMakeFiles/app.dir/home/cooperp/pico/pico-sdk/lib/tinyusb/src/portable/raspberrypi/rp2040/dcd_rp2040.c.o
                0x10004a88                dcd_sof_enable
 .text.dcd_edpt0_status_complete
                0x10004aa4       0x1c CMakeFiles/app.dir/home/cooperp/pico/pico-sdk/lib/tinyusb/src/portable/raspberrypi/rp2040/dcd_rp2040.c.o
                0x10004aa4                dcd_edpt0_status_complete
 .text.dcd_edpt_open
                0x10004ac0      0x114 CMakeFiles/app.dir/home/cooperp/pico/pico-sdk/lib/tinyusb/src/portable/raspberrypi/rp2040/dcd_rp2040.c.o
                0x10004ac0                dcd_edpt_open
 .text.dcd_edpt_close_all
                0x10004bd4        0x8 CMakeFiles/app.dir/home/cooperp/pico/pico-sdk/lib/tinyusb/src/portable/raspberrypi/rp2040/dcd_rp2040.c.o
                0x10004bd4                dcd_edpt_close_all
 .text.dcd_edpt_xfer
                0x10004bdc       0x24 CMakeFiles/app.dir/home/cooperp/pico/pico-sdk/lib/tinyusb/src/portable/raspberrypi/rp2040/dcd_rp2040.c.o
                0x10004bdc                dcd_edpt_xfer
 .text.dcd_edpt_stall
                0x10004c00       0x34 CMakeFiles/app.dir/home/cooperp/pico/pico-sdk/lib/tinyusb/src/portable/raspberrypi/rp2040/dcd_rp2040.c.o
                0x10004c00                dcd_edpt_stall
 .text.dcd_edpt_clear_stall
                0x10004c34       0x30 CMakeFiles/app.dir/home/cooperp/pico/pico-sdk/lib/tinyusb/src/portable/raspberrypi/rp2040/dcd_rp2040.c.o
                0x10004c34                dcd_edpt_clear_stall
 .text.rp2040_usb_init
                0x10004c64       0x40 CMakeFiles/app.dir/home/cooperp/pico/pico-sdk/lib/tinyusb/src/portable/raspberrypi/rp2040/rp2040_usb.c.o
                0x10004c64                rp2040_usb_init
 .text.hw_endpoint_xfer_start
                0x10004ca4       0x40 CMakeFiles/app.dir/home/cooperp/pico/pico-sdk/lib/tinyusb/src/portable/raspberrypi/rp2040/rp2040_usb.c.o
                0x10004ca4                hw_endpoint_xfer_start
 .text.tud_event_hook_cb
                0x10004ce4        0x4 CMakeFiles/app.dir/home/cooperp/pico/pico-sdk/lib/tinyusb/src/device/usbd.c.o
                0x10004ce4                tud_event_hook_cb
 .text.tud_sof_cb
                0x10004ce8        0x4 CMakeFiles/app.dir/home/cooperp/pico/pico-sdk/lib/tinyusb/src/device/usbd.c.o
                0x10004ce8                tud_sof_cb
 .text.tud_descriptor_device_qualifier_cb
                0x10004cec        0x4 CMakeFiles/app.dir/home/cooperp/pico/pico-sdk/lib/tinyusb/src/device/usbd.c.o
                0x10004cec                tud_descriptor_device_qualifier_cb
 .text.tud_descriptor_other_speed_configuration_cb
                0x10004cf0        0x4 CMakeFiles/app.dir/home/cooperp/pico/pico-sdk/lib/tinyusb/src/device/usbd.c.o
                0x10004cf0                tud_descriptor_other_speed_configuration_cb
 .text.tud_mount_cb
                0x10004cf4        0x4 CMakeFiles/app.dir/home/cooperp/pico/pico-sdk/lib/tinyusb/src/device/usbd.c.o
                0x10004cf4                tud_mount_cb
 .text.tud_umount_cb
                0x10004cf8        0x4 CMakeFiles/app.dir/home/cooperp/pico/pico-sdk/lib/tinyusb/src/device/usbd.c.o
                0x10004cf8                tud_umount_cb
 .text.tud_suspend_cb
                0x10004cfc        0x4 CMakeFiles/app.dir/home/cooperp/pico/pico-sdk/lib/tinyusb/src/device/usbd.c.o
                0x10004cfc                tud_suspend_cb
 .text.tud_resume_cb
                0x10004d00        0x4 CMakeFiles/app.dir/home/cooperp/pico/pico-sdk/lib/tinyusb/src/device/usbd.c.o
                0x10004d00                tud_resume_cb
 .text.tud_mounted
                0x10004d04       0x10 CMakeFiles/app.dir/home/cooperp/pico/pico-sdk/lib/tinyusb/src/device/usbd.c.o
                0x10004d04                tud_mounted
 .text.tud_suspended
                0x10004d14       0x10 CMakeFiles/app.dir/home/cooperp/pico/pico-sdk/lib/tinyusb/src/device/usbd.c.o
                0x10004d14                tud_suspended
 .text.tud_rhport_init
                0x10004d24       0xfc CMakeFiles/app.dir/home/cooperp/pico/pico-sdk/lib/tinyusb/src/device/usbd.c.o
                0x10004d24                tud_rhport_init
 .text.tud_task_ext
                0x10004e20      0x800 CMakeFiles/app.dir/home/cooperp/pico/pico-sdk/lib/tinyusb/src/device/usbd.c.o
                0x10004e20                tud_task_ext
 .text.usbd_open_edpt_pair
                0x10005620       0x9c CMakeFiles/app.dir/home/cooperp/pico/pico-sdk/lib/tinyusb/src/device/usbd.c.o
                0x10005620                usbd_open_edpt_pair
 .text.usbd_edpt_open
                0x100056bc       0x34 CMakeFiles/app.dir/home/cooperp/pico/pico-sdk/lib/tinyusb/src/device/usbd.c.o
                0x100056bc                usbd_edpt_open
 .text.usbd_edpt_claim
                0x100056f0       0x28 CMakeFiles/app.dir/home/cooperp/pico/pico-sdk/lib/tinyusb/src/device/usbd.c.o
                0x100056f0                usbd_edpt_claim
 .text.usbd_edpt_release
                0x10005718       0x28 CMakeFiles/app.dir/home/cooperp/pico/pico-sdk/lib/tinyusb/src/device/usbd.c.o
                0x10005718                usbd_edpt_release
 .text.usbd_edpt_xfer
                0x10005740       0x4c CMakeFiles/app.dir/home/cooperp/pico/pico-sdk/lib/tinyusb/src/device/usbd.c.o
                0x10005740                usbd_edpt_xfer
 .text.tud_control_status
                0x1000578c       0x2c CMakeFiles/app.dir/home/cooperp/pico/pico-sdk/lib/tinyusb/src/device/usbd_control.c.o
                0x1000578c                tud_control_status
 .text.tud_control_xfer
                0x100057b8       0xac CMakeFiles/app.dir/home/cooperp/pico/pico-sdk/lib/tinyusb/src/device/usbd_control.c.o
                0x100057b8                tud_control_xfer
 .text.usbd_control_reset
                0x10005864       0x14 CMakeFiles/app.dir/home/cooperp/pico/pico-sdk/lib/tinyusb/src/device/usbd_control.c.o
                0x10005864                usbd_control_reset
 .text.usbd_control_set_complete_callback
                0x10005878        0xc CMakeFiles/app.dir/home/cooperp/pico/pico-sdk/lib/tinyusb/src/device/usbd_control.c.o
                0x10005878                usbd_control_set_complete_callback
 .text.usbd_control_set_request
                0x10005884       0x1c CMakeFiles/app.dir/home/cooperp/pico/pico-sdk/lib/tinyusb/src/device/usbd_control.c.o
                0x10005884                usbd_control_set_request
 .text.usbd_control_xfer_cb
                0x100058a0       0xec CMakeFiles/app.dir/home/cooperp/pico/pico-sdk/lib/tinyusb/src/device/usbd_control.c.o
                0x100058a0                usbd_control_xfer_cb
 .text._prep_out_transaction.isra.0
                0x1000598c       0x6c CMakeFiles/app.dir/home/cooperp/pico/pico-sdk/lib/tinyusb/src/class/cdc/cdc_device.c.o
 .text.tud_cdc_n_connected
                0x100059f8       0x2c CMakeFiles/app.dir/home/cooperp/pico/pico-sdk/lib/tinyusb/src/class/cdc/cdc_device.c.o
                0x100059f8                tud_cdc_n_connected
 .text.tud_cdc_n_available
                0x10005a24       0x14 CMakeFiles/app.dir/home/cooperp/pico/pico-sdk/lib/tinyusb/src/class/cdc/cdc_device.c.o
                0x10005a24                tud_cdc_n_available
 .text.tud_cdc_n_read
                0x10005a38       0x94 CMakeFiles/app.dir/home/cooperp/pico/pico-sdk/lib/tinyusb/src/class/cdc/cdc_device.c.o
                0x10005a38                tud_cdc_n_read
 .text.tud_cdc_n_write_flush
                0x10005acc       0x74 CMakeFiles/app.dir/home/cooperp/pico/pico-sdk/lib/tinyusb/src/class/cdc/cdc_device.c.o
                0x10005acc                tud_cdc_n_write_flush
 .text.tud_cdc_n_write
                0x10005b40       0x40 CMakeFiles/app.dir/home/cooperp/pico/pico-sdk/lib/tinyusb/src/class/cdc/cdc_device.c.o
                0x10005b40                tud_cdc_n_write
 .text.tud_cdc_n_write_available
                0x10005b80       0x14 CMakeFiles/app.dir/home/cooperp/pico/pico-sdk/lib/tinyusb/src/class/cdc/cdc_device.c.o
                0x10005b80                tud_cdc_n_write_available
 .text.cdcd_init
                0x10005b94       0x70 CMakeFiles/app.dir/home/cooperp/pico/pico-sdk/lib/tinyusb/src/class/cdc/cdc_device.c.o
                0x10005b94                cdcd_init
 .text.cdcd_deinit
                0x10005c04       0x34 CMakeFiles/app.dir/home/cooperp/pico/pico-sdk/lib/tinyusb/src/class/cdc/cdc_device.c.o
                0x10005c04                cdcd_deinit
 .text.cdcd_reset
                0x10005c38       0x4c CMakeFiles/app.dir/home/cooperp/pico/pico-sdk/lib/tinyusb/src/class/cdc/cdc_device.c.o
                0x10005c38                cdcd_reset
 .text.cdcd_open
                0x10005c84       0xa8 CMakeFiles/app.dir/home/cooperp/pico/pico-sdk/lib/tinyusb/src/class/cdc/cdc_device.c.o
                0x10005c84                cdcd_open
 .text.cdcd_control_xfer_cb
                0x10005d2c       0xe8 CMakeFiles/app.dir/home/cooperp/pico/pico-sdk/lib/tinyusb/src/class/cdc/cdc_device.c.o
                0x10005d2c                cdcd_control_xfer_cb
 .text.cdcd_xfer_cb
                0x10005e14      0x100 CMakeFiles/app.dir/home/cooperp/pico/pico-sdk/lib/tinyusb/src/class/cdc/cdc_device.c.o
                0x10005e14                cdcd_xfer_cb
 .text.vendord_init
                0x10005f14       0x5c CMakeFiles/app.dir/home/cooperp/pico/pico-sdk/lib/tinyusb/src/class/vendor/vendor_device.c.o
                0x10005f14                vendord_init
 .text.vendord_deinit
                0x10005f70       0x1c CMakeFiles/app.dir/home/cooperp/pico/pico-sdk/lib/tinyusb/src/class/vendor/vendor_device.c.o
                0x10005f70                vendord_deinit
 .text.vendord_reset
                0x10005f8c       0x28 CMakeFiles/app.dir/home/cooperp/pico/pico-sdk/lib/tinyusb/src/class/vendor/vendor_device.c.o
                0x10005f8c                vendord_reset
 .text.vendord_open
                0x10005fb4      0x128 CMakeFiles/app.dir/home/cooperp/pico/pico-sdk/lib/tinyusb/src/class/vendor/vendor_device.c.o
                0x10005fb4                vendord_open
 .text.vendord_xfer_cb
                0x100060dc       0x9c CMakeFiles/app.dir/home/cooperp/pico/pico-sdk/lib/tinyusb/src/class/vendor/vendor_device.c.o
                0x100060dc                vendord_xfer_cb
 .text.tusb_rhport_init
                0x10006178       0x48 CMakeFiles/app.dir/home/cooperp/pico/pico-sdk/lib/tinyusb/src/tusb.c.o
                0x10006178                tusb_rhport_init
 .text.tu_edpt_claim
                0x100061c0       0x50 CMakeFiles/app.dir/home/cooperp/pico/pico-sdk/lib/tinyusb/src/tusb.c.o
                0x100061c0                tu_edpt_claim
 .text.tu_edpt_release
                0x10006210       0x38 CMakeFiles/app.dir/home/cooperp/pico/pico-sdk/lib/tinyusb/src/tusb.c.o
                0x10006210                tu_edpt_release
 .text.tu_edpt_validate
                0x10006248       0x7c CMakeFiles/app.dir/home/cooperp/pico/pico-sdk/lib/tinyusb/src/tusb.c.o
                0x10006248                tu_edpt_validate
 .text.tu_edpt_bind_driver
                0x100062c4       0x34 CMakeFiles/app.dir/home/cooperp/pico/pico-sdk/lib/tinyusb/src/tusb.c.o
                0x100062c4                tu_edpt_bind_driver
 .text.tu_edpt_stream_init
                0x100062f8       0x6c CMakeFiles/app.dir/home/cooperp/pico/pico-sdk/lib/tinyusb/src/tusb.c.o
                0x100062f8                tu_edpt_stream_init
 .text.tu_edpt_stream_deinit
                0x10006364        0x4 CMakeFiles/app.dir/home/cooperp/pico/pico-sdk/lib/tinyusb/src/tusb.c.o
                0x10006364                tu_edpt_stream_deinit
 .text.tu_edpt_stream_write_zlp_if_needed
                0x10006368       0x68 CMakeFiles/app.dir/home/cooperp/pico/pico-sdk/lib/tinyusb/src/tusb.c.o
                0x10006368                tu_edpt_stream_write_zlp_if_needed
 .text.tu_edpt_stream_write_xfer
                0x100063d0       0x64 CMakeFiles/app.dir/home/cooperp/pico/pico-sdk/lib/tinyusb/src/tusb.c.o
                0x100063d0                tu_edpt_stream_write_xfer
 .text.tu_edpt_stream_read_xfer
                0x10006434       0xdc CMakeFiles/app.dir/home/cooperp/pico/pico-sdk/lib/tinyusb/src/tusb.c.o
                0x10006434                tu_edpt_stream_read_xfer
 .text.tu_fifo_config
                0x10006510       0x6c CMakeFiles/app.dir/home/cooperp/pico/pico-sdk/lib/tinyusb/src/common/tusb_fifo.c.o
                0x10006510                tu_fifo_config
 .text.tu_fifo_count
                0x1000657c       0x2c CMakeFiles/app.dir/home/cooperp/pico/pico-sdk/lib/tinyusb/src/common/tusb_fifo.c.o
                0x1000657c                tu_fifo_count
 .text.tu_fifo_empty
                0x100065a8       0x10 CMakeFiles/app.dir/home/cooperp/pico/pico-sdk/lib/tinyusb/src/common/tusb_fifo.c.o
                0x100065a8                tu_fifo_empty
 .text.tu_fifo_remaining
                0x100065b8       0x2c CMakeFiles/app.dir/home/cooperp/pico/pico-sdk/lib/tinyusb/src/common/tusb_fifo.c.o
                0x100065b8                tu_fifo_remaining
 .text.tu_fifo_read
                0x100065e4       0x9c CMakeFiles/app.dir/home/cooperp/pico/pico-sdk/lib/tinyusb/src/common/tusb_fifo.c.o
                0x100065e4                tu_fifo_read
 .text.tu_fifo_read_n
                0x10006680       0xe8 CMakeFiles/app.dir/home/cooperp/pico/pico-sdk/lib/tinyusb/src/common/tusb_fifo.c.o
                0x10006680                tu_fifo_read_n
 .text.tu_fifo_write
                0x10006768       0xa8 CMakeFiles/app.dir/home/cooperp/pico/pico-sdk/lib/tinyusb/src/common/tusb_fifo.c.o
                0x10006768                tu_fifo_write
 .text.tu_fifo_write_n
                0x10006810      0x178 CMakeFiles/app.dir/home/cooperp/pico/pico-sdk/lib/tinyusb/src/common/tusb_fifo.c.o
                0x10006810                tu_fifo_write_n
 .text.tu_fifo_clear
                0x10006988       0x40 CMakeFiles/app.dir/home/cooperp/pico/pico-sdk/lib/tinyusb/src/common/tusb_fifo.c.o
                0x10006988                tu_fifo_clear
 .text.tu_fifo_set_overwritable
                0x100069c8       0x48 CMakeFiles/app.dir/home/cooperp/pico/pico-sdk/lib/tinyusb/src/common/tusb_fifo.c.o
                0x100069c8                tu_fifo_set_overwritable
 .text.lwip_timeout_reached
                0x10006a10        0x8 CMakeFiles/app.dir/home/cooperp/pico/pico-sdk/src/rp2_common/pico_lwip/lwip_nosys.c.o
 .text.update_next_timeout
                0x10006a18       0x60 CMakeFiles/app.dir/home/cooperp/pico/pico-sdk/src/rp2_common/pico_lwip/lwip_nosys.c.o
 .text.lwip_nosys_init
                0x10006a78       0x30 CMakeFiles/app.dir/home/cooperp/pico/pico-sdk/src/rp2_common/pico_lwip/lwip_nosys.c.o
                0x10006a78                lwip_nosys_init
 .text.lwip_nosys_deinit
                0x10006aa8       0x20 CMakeFiles/app.dir/home/cooperp/pico/pico-sdk/src/rp2_common/pico_lwip/lwip_nosys.c.o
                0x10006aa8                lwip_nosys_deinit
 .text.sys_arch_protect
                0x10006ac8        0x4 CMakeFiles/app.dir/home/cooperp/pico/pico-sdk/src/rp2_common/pico_lwip/lwip_nosys.c.o
                0x10006ac8                sys_arch_protect
 .text.sys_arch_unprotect
                0x10006acc        0x4 CMakeFiles/app.dir/home/cooperp/pico/pico-sdk/src/rp2_common/pico_lwip/lwip_nosys.c.o
                0x10006acc                sys_arch_unprotect
 .text.sys_now  0x10006ad0       0x20 CMakeFiles/app.dir/home/cooperp/pico/pico-sdk/src/rp2_common/pico_lwip/lwip_nosys.c.o
                0x10006ad0                sys_now
 .text.async_context_base_add_at_time_worker
                0x10006af0       0x24 CMakeFiles/app.dir/home/cooperp/pico/pico-sdk/src/rp2_common/pico_async_context/async_context_base.c.o
                0x10006af0                async_context_base_add_at_time_worker
 .text.async_context_base_remove_at_time_worker
                0x10006b14       0x28 CMakeFiles/app.dir/home/cooperp/pico/pico-sdk/src/rp2_common/pico_async_context/async_context_base.c.o
                0x10006b14                async_context_base_remove_at_time_worker
 .text.async_context_base_add_when_pending_worker
                0x10006b3c       0x24 CMakeFiles/app.dir/home/cooperp/pico/pico-sdk/src/rp2_common/pico_async_context/async_context_base.c.o
                0x10006b3c                async_context_base_add_when_pending_worker
 .text.async_context_base_remove_when_pending_worker
                0x10006b60       0x28 CMakeFiles/app.dir/home/cooperp/pico/pico-sdk/src/rp2_common/pico_async_context/async_context_base.c.o
                0x10006b60                async_context_base_remove_when_pending_worker
 .text.async_context_base_execute_once
                0x10006b88      0x108 CMakeFiles/app.dir/home/cooperp/pico/pico-sdk/src/rp2_common/pico_async_context/async_context_base.c.o
                0x10006b88                async_context_base_execute_once
 .text.splitmix64
                0x10006c90       0x58 CMakeFiles/app.dir/home/cooperp/pico/pico-sdk/src/rp2_common/pico_rand/rand.c.o
 .text.xoroshiro128ss
                0x10006ce8       0x90 CMakeFiles/app.dir/home/cooperp/pico/pico-sdk/src/rp2_common/pico_rand/rand.c.o
 .text.get_rand_64
                0x10006d78      0x4a4 CMakeFiles/app.dir/home/cooperp/pico/pico-sdk/src/rp2_common/pico_rand/rand.c.o
                0x10006d78                get_rand_64
 .text.get_rand_32
                0x1000721c        0x8 CMakeFiles/app.dir/home/cooperp/pico/pico-sdk/src/rp2_common/pico_rand/rand.c.o
                0x1000721c                get_rand_32
 .text.lwip_init
                0x10007224       0x24 CMakeFiles/app.dir/home/cooperp/pico/pico-sdk/lib/lwip/src/core/init.c.o
                0x10007224                lwip_init
 .text.lwip_htons
                0x10007248        0x8 CMakeFiles/app.dir/home/cooperp/pico/pico-sdk/lib/lwip/src/core/def.c.o
                0x10007248                lwip_htons
 .text.lwip_htonl
                0x10007250        0x4 CMakeFiles/app.dir/home/cooperp/pico/pico-sdk/lib/lwip/src/core/def.c.o
                0x10007250                lwip_htonl
 .text.dns_call_found
                0x10007254      0x184 CMakeFiles/app.dir/home/cooperp/pico/pico-sdk/lib/lwip/src/core/dns.c.o
 .text.dns_send.isra.0
                0x100073d8      0x174 CMakeFiles/app.dir/home/cooperp/pico/pico-sdk/lib/lwip/src/core/dns.c.o
 .text.dns_init
                0x1000754c        0x4 CMakeFiles/app.dir/home/cooperp/pico/pico-sdk/lib/lwip/src/core/dns.c.o
                0x1000754c                dns_init
 .text.dns_setserver
                0x10007550       0x24 CMakeFiles/app.dir/home/cooperp/pico/pico-sdk/lib/lwip/src/core/dns.c.o
                0x10007550                dns_setserver
 .text.dns_tmr  0x10007574      0x140 CMakeFiles/app.dir/home/cooperp/pico/pico-sdk/lib/lwip/src/core/dns.c.o
                0x10007574                dns_tmr
 .text.lwip_standard_chksum
                0x100076b4       0xdc CMakeFiles/app.dir/home/cooperp/pico/pico-sdk/lib/lwip/src/core/inet_chksum.c.o
                0x100076b4                lwip_standard_chksum
 .text.inet_chksum_pseudo
                0x10007790       0xbc CMakeFiles/app.dir/home/cooperp/pico/pico-sdk/lib/lwip/src/core/inet_chksum.c.o
                0x10007790                inet_chksum_pseudo
 .text.ip_chksum_pseudo
                0x1000784c       0x10 CMakeFiles/app.dir/home/cooperp/pico/pico-sdk/lib/lwip/src/core/inet_chksum.c.o
                0x1000784c                ip_chksum_pseudo
 .text.inet_chksum
                0x1000785c        0xc CMakeFiles/app.dir/home/cooperp/pico/pico-sdk/lib/lwip/src/core/inet_chksum.c.o
                0x1000785c                inet_chksum
 .text.inet_chksum_pbuf
                0x10007868       0x78 CMakeFiles/app.dir/home/cooperp/pico/pico-sdk/lib/lwip/src/core/inet_chksum.c.o
                0x10007868                inet_chksum_pbuf
 .text.mem_init
                0x100078e0       0x3c CMakeFiles/app.dir/home/cooperp/pico/pico-sdk/lib/lwip/src/core/mem.c.o
                0x100078e0                mem_init
 .text.mem_free
                0x1000791c      0x130 CMakeFiles/app.dir/home/cooperp/pico/pico-sdk/lib/lwip/src/core/mem.c.o
                0x1000791c                mem_free
 .text.mem_trim
                0x10007a4c      0x104 CMakeFiles/app.dir/home/cooperp/pico/pico-sdk/lib/lwip/src/core/mem.c.o
                0x10007a4c                mem_trim
 .text.mem_malloc
                0x10007b50      0x124 CMakeFiles/app.dir/home/cooperp/pico/pico-sdk/lib/lwip/src/core/mem.c.o
                0x10007b50                mem_malloc
 .text.memp_init
                0x10007c74       0x6c CMakeFiles/app.dir/home/cooperp/pico/pico-sdk/lib/lwip/src/core/memp.c.o
                0x10007c74                memp_init
 .text.memp_malloc
                0x10007ce0       0x40 CMakeFiles/app.dir/home/cooperp/pico/pico-sdk/lib/lwip/src/core/memp.c.o
                0x10007ce0                memp_malloc
 .text.memp_free
                0x10007d20       0x38 CMakeFiles/app.dir/home/cooperp/pico/pico-sdk/lib/lwip/src/core/memp.c.o
                0x10007d20                memp_free
 .text.netif_null_output_ip4
                0x10007d58        0x8 CMakeFiles/app.dir/home/cooperp/pico/pico-sdk/lib/lwip/src/core/netif.c.o
 .text.netif_do_set_ipaddr.isra.0
                0x10007d60       0x60 CMakeFiles/app.dir/home/cooperp/pico/pico-sdk/lib/lwip/src/core/netif.c.o
 .text.netif_init
                0x10007dc0        0x4 CMakeFiles/app.dir/home/cooperp/pico/pico-sdk/lib/lwip/src/core/netif.c.o
                0x10007dc0                netif_init
 .text.netif_add
                0x10007dc4      0x16c CMakeFiles/app.dir/home/cooperp/pico/pico-sdk/lib/lwip/src/core/netif.c.o
                0x10007dc4                netif_add
 .text.netif_set_addr
                0x10007f30       0xb4 CMakeFiles/app.dir/home/cooperp/pico/pico-sdk/lib/lwip/src/core/netif.c.o
                0x10007f30                netif_set_addr
 .text.netif_remove
                0x10007fe4       0x94 CMakeFiles/app.dir/home/cooperp/pico/pico-sdk/lib/lwip/src/core/netif.c.o
                0x10007fe4                netif_remove
 .text.netif_set_default
                0x10008078        0xc CMakeFiles/app.dir/home/cooperp/pico/pico-sdk/lib/lwip/src/core/netif.c.o
                0x10008078                netif_set_default
 .text.netif_set_up
                0x10008084       0x40 CMakeFiles/app.dir/home/cooperp/pico/pico-sdk/lib/lwip/src/core/netif.c.o
                0x10008084                netif_set_up
 .text.netif_set_link_up
                0x100080c4       0x44 CMakeFiles/app.dir/home/cooperp/pico/pico-sdk/lib/lwip/src/core/netif.c.o
                0x100080c4                netif_set_link_up
 .text.netif_set_link_down
                0x10008108       0x20 CMakeFiles/app.dir/home/cooperp/pico/pico-sdk/lib/lwip/src/core/netif.c.o
                0x10008108                netif_set_link_down
 .text.netif_get_by_index
                0x10008128       0x2c CMakeFiles/app.dir/home/cooperp/pico/pico-sdk/lib/lwip/src/core/netif.c.o
                0x10008128                netif_get_by_index
 .text.pbuf_free.part.0
                0x10008154       0x7c CMakeFiles/app.dir/home/cooperp/pico/pico-sdk/lib/lwip/src/core/pbuf.c.o
 .text.pbuf_free_ooseq
                0x100081d0       0x34 CMakeFiles/app.dir/home/cooperp/pico/pico-sdk/lib/lwip/src/core/pbuf.c.o
                0x100081d0                pbuf_free_ooseq
 .text.pbuf_alloc
                0x10008204      0x134 CMakeFiles/app.dir/home/cooperp/pico/pico-sdk/lib/lwip/src/core/pbuf.c.o
                0x10008204                pbuf_alloc
 .text.pbuf_realloc
                0x10008338       0x84 CMakeFiles/app.dir/home/cooperp/pico/pico-sdk/lib/lwip/src/core/pbuf.c.o
                0x10008338                pbuf_realloc
 .text.pbuf_add_header
                0x100083bc       0x50 CMakeFiles/app.dir/home/cooperp/pico/pico-sdk/lib/lwip/src/core/pbuf.c.o
                0x100083bc                pbuf_add_header
 .text.pbuf_remove_header
                0x1000840c       0x3c CMakeFiles/app.dir/home/cooperp/pico/pico-sdk/lib/lwip/src/core/pbuf.c.o
                0x1000840c                pbuf_remove_header
 .text.pbuf_header_force
                0x10008448       0x68 CMakeFiles/app.dir/home/cooperp/pico/pico-sdk/lib/lwip/src/core/pbuf.c.o
                0x10008448                pbuf_header_force
 .text.pbuf_free
                0x100084b0       0x18 CMakeFiles/app.dir/home/cooperp/pico/pico-sdk/lib/lwip/src/core/pbuf.c.o
                0x100084b0                pbuf_free
 .text.pbuf_clen
                0x100084c8       0x14 CMakeFiles/app.dir/home/cooperp/pico/pico-sdk/lib/lwip/src/core/pbuf.c.o
                0x100084c8                pbuf_clen
 .text.pbuf_ref
                0x100084dc       0x28 CMakeFiles/app.dir/home/cooperp/pico/pico-sdk/lib/lwip/src/core/pbuf.c.o
                0x100084dc                pbuf_ref
 .text.pbuf_cat
                0x10008504       0x54 CMakeFiles/app.dir/home/cooperp/pico/pico-sdk/lib/lwip/src/core/pbuf.c.o
                0x10008504                pbuf_cat
 .text.pbuf_chain
                0x10008558       0x70 CMakeFiles/app.dir/home/cooperp/pico/pico-sdk/lib/lwip/src/core/pbuf.c.o
                0x10008558                pbuf_chain
 .text.pbuf_copy_partial_pbuf
                0x100085c8      0x148 CMakeFiles/app.dir/home/cooperp/pico/pico-sdk/lib/lwip/src/core/pbuf.c.o
                0x100085c8                pbuf_copy_partial_pbuf
 .text.pbuf_copy
                0x10008710       0x18 CMakeFiles/app.dir/home/cooperp/pico/pico-sdk/lib/lwip/src/core/pbuf.c.o
                0x10008710                pbuf_copy
 .text.pbuf_copy_partial
                0x10008728       0x68 CMakeFiles/app.dir/home/cooperp/pico/pico-sdk/lib/lwip/src/core/pbuf.c.o
                0x10008728                pbuf_copy_partial
 .text.pbuf_take
                0x10008790       0x78 CMakeFiles/app.dir/home/cooperp/pico/pico-sdk/lib/lwip/src/core/pbuf.c.o
                0x10008790                pbuf_take
 .text.pbuf_take_at
                0x10008808       0xcc CMakeFiles/app.dir/home/cooperp/pico/pico-sdk/lib/lwip/src/core/pbuf.c.o
                0x10008808                pbuf_take_at
 .text.pbuf_clone
                0x100088d4       0x30 CMakeFiles/app.dir/home/cooperp/pico/pico-sdk/lib/lwip/src/core/pbuf.c.o
                0x100088d4                pbuf_clone
 .text.pbuf_put_at
                0x10008904       0x1c CMakeFiles/app.dir/home/cooperp/pico/pico-sdk/lib/lwip/src/core/pbuf.c.o
                0x10008904                pbuf_put_at
 .text.raw_input
                0x10008920      0x164 CMakeFiles/app.dir/home/cooperp/pico/pico-sdk/lib/lwip/src/core/raw.c.o
                0x10008920                raw_input
 .text.raw_netif_ip_addr_changed
                0x10008a84       0x40 CMakeFiles/app.dir/home/cooperp/pico/pico-sdk/lib/lwip/src/core/raw.c.o
                0x10008a84                raw_netif_ip_addr_changed
 .text.stats_init
                0x10008ac4        0x4 CMakeFiles/app.dir/home/cooperp/pico/pico-sdk/lib/lwip/src/core/stats.c.o
                0x10008ac4                stats_init
 .text.tcp_close_shutdown_fin
                0x10008ac8       0x54 CMakeFiles/app.dir/home/cooperp/pico/pico-sdk/lib/lwip/src/core/tcp.c.o
 .text.tcp_pcb_purge.part.0
                0x10008b1c       0xc4 CMakeFiles/app.dir/home/cooperp/pico/pico-sdk/lib/lwip/src/core/tcp.c.o
 .text.tcp_init
                0x10008be0       0x20 CMakeFiles/app.dir/home/cooperp/pico/pico-sdk/lib/lwip/src/core/tcp.c.o
                0x10008be0                tcp_init
 .text.tcp_free
                0x10008c00       0x1c CMakeFiles/app.dir/home/cooperp/pico/pico-sdk/lib/lwip/src/core/tcp.c.o
                0x10008c00                tcp_free
 .text.tcp_bind
                0x10008c1c       0xf4 CMakeFiles/app.dir/home/cooperp/pico/pico-sdk/lib/lwip/src/core/tcp.c.o
                0x10008c1c                tcp_bind
 .text.tcp_listen_with_backlog
                0x10008d10       0x98 CMakeFiles/app.dir/home/cooperp/pico/pico-sdk/lib/lwip/src/core/tcp.c.o
                0x10008d10                tcp_listen_with_backlog
 .text.tcp_update_rcv_ann_wnd
                0x10008da8       0x58 CMakeFiles/app.dir/home/cooperp/pico/pico-sdk/lib/lwip/src/core/tcp.c.o
                0x10008da8                tcp_update_rcv_ann_wnd
 .text.tcp_recved
                0x10008e00       0x98 CMakeFiles/app.dir/home/cooperp/pico/pico-sdk/lib/lwip/src/core/tcp.c.o
                0x10008e00                tcp_recved
 .text.tcp_slowtmr
                0x10008e98      0x524 CMakeFiles/app.dir/home/cooperp/pico/pico-sdk/lib/lwip/src/core/tcp.c.o
                0x10008e98                tcp_slowtmr
 .text.tcp_segs_free
                0x100093bc       0x38 CMakeFiles/app.dir/home/cooperp/pico/pico-sdk/lib/lwip/src/core/tcp.c.o
                0x100093bc                tcp_segs_free
 .text.tcp_seg_free
                0x100093f4       0x1c CMakeFiles/app.dir/home/cooperp/pico/pico-sdk/lib/lwip/src/core/tcp.c.o
                0x100093f4                tcp_seg_free
 .text.tcp_seg_copy
                0x10009410       0x2c CMakeFiles/app.dir/home/cooperp/pico/pico-sdk/lib/lwip/src/core/tcp.c.o
                0x10009410                tcp_seg_copy
 .text.tcp_arg  0x1000943c        0x8 CMakeFiles/app.dir/home/cooperp/pico/pico-sdk/lib/lwip/src/core/tcp.c.o
                0x1000943c                tcp_arg
 .text.tcp_recv
                0x10009444       0x1c CMakeFiles/app.dir/home/cooperp/pico/pico-sdk/lib/lwip/src/core/tcp.c.o
                0x10009444                tcp_recv
 .text.tcp_sent
                0x10009460       0x1c CMakeFiles/app.dir/home/cooperp/pico/pico-sdk/lib/lwip/src/core/tcp.c.o
                0x10009460                tcp_sent
 .text.tcp_accept
                0x1000947c       0x10 CMakeFiles/app.dir/home/cooperp/pico/pico-sdk/lib/lwip/src/core/tcp.c.o
                0x1000947c                tcp_accept
 .text.tcp_pcb_purge
                0x1000948c       0x18 CMakeFiles/app.dir/home/cooperp/pico/pico-sdk/lib/lwip/src/core/tcp.c.o
                0x1000948c                tcp_pcb_purge
 .text.tcp_pcb_remove
                0x100094a4       0xc8 CMakeFiles/app.dir/home/cooperp/pico/pico-sdk/lib/lwip/src/core/tcp.c.o
                0x100094a4                tcp_pcb_remove
 .text.tcp_abandon
                0x1000956c      0x1a0 CMakeFiles/app.dir/home/cooperp/pico/pico-sdk/lib/lwip/src/core/tcp.c.o
                0x1000956c                tcp_abandon
 .text.tcp_abort
                0x1000970c        0xc CMakeFiles/app.dir/home/cooperp/pico/pico-sdk/lib/lwip/src/core/tcp.c.o
                0x1000970c                tcp_abort
 .text.tcp_accept_null
                0x10009718       0x20 CMakeFiles/app.dir/home/cooperp/pico/pico-sdk/lib/lwip/src/core/tcp.c.o
 .text.tcp_alloc
                0x10009738      0x1d4 CMakeFiles/app.dir/home/cooperp/pico/pico-sdk/lib/lwip/src/core/tcp.c.o
                0x10009738                tcp_alloc
 .text.tcp_new_ip_type
                0x1000990c        0xc CMakeFiles/app.dir/home/cooperp/pico/pico-sdk/lib/lwip/src/core/tcp.c.o
                0x1000990c                tcp_new_ip_type
 .text.tcp_close_shutdown
                0x10009918      0x188 CMakeFiles/app.dir/home/cooperp/pico/pico-sdk/lib/lwip/src/core/tcp.c.o
 .text.tcp_recv_null
                0x10009aa0       0xcc CMakeFiles/app.dir/home/cooperp/pico/pico-sdk/lib/lwip/src/core/tcp.c.o
                0x10009aa0                tcp_recv_null
 .text.tcp_process_refused_data
                0x10009b6c       0x78 CMakeFiles/app.dir/home/cooperp/pico/pico-sdk/lib/lwip/src/core/tcp.c.o
                0x10009b6c                tcp_process_refused_data
 .text.tcp_fasttmr
                0x10009be4       0x98 CMakeFiles/app.dir/home/cooperp/pico/pico-sdk/lib/lwip/src/core/tcp.c.o
                0x10009be4                tcp_fasttmr
 .text.tcp_tmr  0x10009c7c       0x20 CMakeFiles/app.dir/home/cooperp/pico/pico-sdk/lib/lwip/src/core/tcp.c.o
                0x10009c7c                tcp_tmr
 .text.tcp_close
                0x10009c9c      0x170 CMakeFiles/app.dir/home/cooperp/pico/pico-sdk/lib/lwip/src/core/tcp.c.o
                0x10009c9c                tcp_close
 .text.tcp_next_iss
                0x10009e0c       0x28 CMakeFiles/app.dir/home/cooperp/pico/pico-sdk/lib/lwip/src/core/tcp.c.o
                0x10009e0c                tcp_next_iss
 .text.tcp_eff_send_mss_netif
                0x10009e34       0x34 CMakeFiles/app.dir/home/cooperp/pico/pico-sdk/lib/lwip/src/core/tcp.c.o
                0x10009e34                tcp_eff_send_mss_netif
 .text.tcp_netif_ip_addr_changed
                0x10009e68       0x94 CMakeFiles/app.dir/home/cooperp/pico/pico-sdk/lib/lwip/src/core/tcp.c.o
                0x10009e68                tcp_netif_ip_addr_changed
 .text.tcp_free_ooseq
                0x10009efc       0x40 CMakeFiles/app.dir/home/cooperp/pico/pico-sdk/lib/lwip/src/core/tcp.c.o
                0x10009efc                tcp_free_ooseq
 .text.tcp_parseopt
                0x10009f3c      0x1bc CMakeFiles/app.dir/home/cooperp/pico/pico-sdk/lib/lwip/src/core/tcp_in.c.o
 .text.tcp_oos_insert_segment
                0x1000a0f8       0xdc CMakeFiles/app.dir/home/cooperp/pico/pico-sdk/lib/lwip/src/core/tcp_in.c.o
 .text.tcp_free_acked_segments.isra.0
                0x1000a1d4       0xdc CMakeFiles/app.dir/home/cooperp/pico/pico-sdk/lib/lwip/src/core/tcp_in.c.o
 .text.tcp_receive
                0x1000a2b0      0xa04 CMakeFiles/app.dir/home/cooperp/pico/pico-sdk/lib/lwip/src/core/tcp_in.c.o
 .text.tcp_input
                0x1000acb4      0xe54 CMakeFiles/app.dir/home/cooperp/pico/pico-sdk/lib/lwip/src/core/tcp_in.c.o
                0x1000acb4                tcp_input
 .text.tcp_trigger_input_pcb_close
                0x1000bb08       0x10 CMakeFiles/app.dir/home/cooperp/pico/pico-sdk/lib/lwip/src/core/tcp_in.c.o
                0x1000bb08                tcp_trigger_input_pcb_close
 .text.tcp_create_segment
                0x1000bb18       0xf8 CMakeFiles/app.dir/home/cooperp/pico/pico-sdk/lib/lwip/src/core/tcp_out.c.o
 .text.tcp_output_control_segment
                0x1000bc10       0xc0 CMakeFiles/app.dir/home/cooperp/pico/pico-sdk/lib/lwip/src/core/tcp_out.c.o
 .text.tcp_output_alloc_header.constprop.0
                0x1000bcd0       0xc8 CMakeFiles/app.dir/home/cooperp/pico/pico-sdk/lib/lwip/src/core/tcp_out.c.o
 .text.tcp_write
                0x1000bd98      0x468 CMakeFiles/app.dir/home/cooperp/pico/pico-sdk/lib/lwip/src/core/tcp_out.c.o
                0x1000bd98                tcp_write
 .text.tcp_split_unsent_seg
                0x1000c200      0x1b4 CMakeFiles/app.dir/home/cooperp/pico/pico-sdk/lib/lwip/src/core/tcp_out.c.o
                0x1000c200                tcp_split_unsent_seg
 .text.tcp_send_fin
                0x1000c3b4      0x118 CMakeFiles/app.dir/home/cooperp/pico/pico-sdk/lib/lwip/src/core/tcp_out.c.o
                0x1000c3b4                tcp_send_fin
 .text.tcp_enqueue_flags
                0x1000c4cc      0x108 CMakeFiles/app.dir/home/cooperp/pico/pico-sdk/lib/lwip/src/core/tcp_out.c.o
                0x1000c4cc                tcp_enqueue_flags
 .text.tcp_rexmit_rto_prepare
                0x1000c5d4       0x9c CMakeFiles/app.dir/home/cooperp/pico/pico-sdk/lib/lwip/src/core/tcp_out.c.o
                0x1000c5d4                tcp_rexmit_rto_prepare
 .text.tcp_rexmit
                0x1000c670       0x9c CMakeFiles/app.dir/home/cooperp/pico/pico-sdk/lib/lwip/src/core/tcp_out.c.o
                0x1000c670                tcp_rexmit
 .text.tcp_rexmit_fast
                0x1000c70c       0x64 CMakeFiles/app.dir/home/cooperp/pico/pico-sdk/lib/lwip/src/core/tcp_out.c.o
                0x1000c70c                tcp_rexmit_fast
 .text.tcp_rst  0x1000c770       0xe8 CMakeFiles/app.dir/home/cooperp/pico/pico-sdk/lib/lwip/src/core/tcp_out.c.o
                0x1000c770                tcp_rst
 .text.tcp_rst_netif
                0x1000c858      0x130 CMakeFiles/app.dir/home/cooperp/pico/pico-sdk/lib/lwip/src/core/tcp_out.c.o
                0x1000c858                tcp_rst_netif
 .text.tcp_send_empty_ack
                0x1000c988       0x4c CMakeFiles/app.dir/home/cooperp/pico/pico-sdk/lib/lwip/src/core/tcp_out.c.o
                0x1000c988                tcp_send_empty_ack
 .text.tcp_output
                0x1000c9d4      0x454 CMakeFiles/app.dir/home/cooperp/pico/pico-sdk/lib/lwip/src/core/tcp_out.c.o
                0x1000c9d4                tcp_output
 .text.tcp_rexmit_rto_commit
                0x1000ce28       0x24 CMakeFiles/app.dir/home/cooperp/pico/pico-sdk/lib/lwip/src/core/tcp_out.c.o
                0x1000ce28                tcp_rexmit_rto_commit
 .text.tcp_rexmit_rto
                0x1000ce4c       0xa4 CMakeFiles/app.dir/home/cooperp/pico/pico-sdk/lib/lwip/src/core/tcp_out.c.o
                0x1000ce4c                tcp_rexmit_rto
 .text.tcp_keepalive
                0x1000cef0       0xdc CMakeFiles/app.dir/home/cooperp/pico/pico-sdk/lib/lwip/src/core/tcp_out.c.o
                0x1000cef0                tcp_keepalive
 .text.tcp_zero_window_probe
                0x1000cfcc      0x110 CMakeFiles/app.dir/home/cooperp/pico/pico-sdk/lib/lwip/src/core/tcp_out.c.o
                0x1000cfcc                tcp_zero_window_probe
 .text.tcpip_tcp_timer
                0x1000d0dc       0x78 CMakeFiles/app.dir/home/cooperp/pico/pico-sdk/lib/lwip/src/core/timeouts.c.o
 .text.lwip_cyclic_timer
                0x1000d154       0x98 CMakeFiles/app.dir/home/cooperp/pico/pico-sdk/lib/lwip/src/core/timeouts.c.o
 .text.tcp_timer_needed
                0x1000d1ec       0x7c CMakeFiles/app.dir/home/cooperp/pico/pico-sdk/lib/lwip/src/core/timeouts.c.o
                0x1000d1ec                tcp_timer_needed
 .text.sys_timeouts_init
                0x1000d268       0x8c CMakeFiles/app.dir/home/cooperp/pico/pico-sdk/lib/lwip/src/core/timeouts.c.o
                0x1000d268                sys_timeouts_init
 .text.sys_check_timeouts
                0x1000d2f4       0x68 CMakeFiles/app.dir/home/cooperp/pico/pico-sdk/lib/lwip/src/core/timeouts.c.o
                0x1000d2f4                sys_check_timeouts
 .text.sys_timeouts_sleeptime
                0x1000d35c       0x28 CMakeFiles/app.dir/home/cooperp/pico/pico-sdk/lib/lwip/src/core/timeouts.c.o
                0x1000d35c                sys_timeouts_sleeptime
 .text.udp_init
                0x1000d384       0x20 CMakeFiles/app.dir/home/cooperp/pico/pico-sdk/lib/lwip/src/core/udp.c.o
                0x1000d384                udp_init
 .text.udp_input
                0x1000d3a4      0x320 CMakeFiles/app.dir/home/cooperp/pico/pico-sdk/lib/lwip/src/core/udp.c.o
                0x1000d3a4                udp_input
 .text.udp_bind
                0x1000d6c4      0x118 CMakeFiles/app.dir/home/cooperp/pico/pico-sdk/lib/lwip/src/core/udp.c.o
                0x1000d6c4                udp_bind
 .text.udp_sendto_if_src
                0x1000d7dc      0x130 CMakeFiles/app.dir/home/cooperp/pico/pico-sdk/lib/lwip/src/core/udp.c.o
                0x1000d7dc                udp_sendto_if_src
 .text.udp_sendto_if
                0x1000d90c       0x48 CMakeFiles/app.dir/home/cooperp/pico/pico-sdk/lib/lwip/src/core/udp.c.o
                0x1000d90c                udp_sendto_if
 .text.udp_sendto
                0x1000d954       0x78 CMakeFiles/app.dir/home/cooperp/pico/pico-sdk/lib/lwip/src/core/udp.c.o
                0x1000d954                udp_sendto
 .text.udp_connect
                0x1000d9cc       0x60 CMakeFiles/app.dir/home/cooperp/pico/pico-sdk/lib/lwip/src/core/udp.c.o
                0x1000d9cc                udp_connect
 .text.udp_recv
                0x1000da2c        0xc CMakeFiles/app.dir/home/cooperp/pico/pico-sdk/lib/lwip/src/core/udp.c.o
                0x1000da2c                udp_recv
 .text.udp_remove
                0x1000da38       0x3c CMakeFiles/app.dir/home/cooperp/pico/pico-sdk/lib/lwip/src/core/udp.c.o
                0x1000da38                udp_remove
 .text.udp_new  0x1000da74       0x1c CMakeFiles/app.dir/home/cooperp/pico/pico-sdk/lib/lwip/src/core/udp.c.o
                0x1000da74                udp_new
 .text.udp_netif_ip_addr_changed
                0x1000da90       0x40 CMakeFiles/app.dir/home/cooperp/pico/pico-sdk/lib/lwip/src/core/udp.c.o
                0x1000da90                udp_netif_ip_addr_changed
 .text.dhcp_create_msg
                0x1000dad0      0x164 CMakeFiles/app.dir/home/cooperp/pico/pico-sdk/lib/lwip/src/core/ipv4/dhcp.c.o
 .text.dhcp_inc_pcb_refcount
                0x1000dc34       0x6c CMakeFiles/app.dir/home/cooperp/pico/pico-sdk/lib/lwip/src/core/ipv4/dhcp.c.o
 .text.dhcp_bind
                0x1000dca0      0x138 CMakeFiles/app.dir/home/cooperp/pico/pico-sdk/lib/lwip/src/core/ipv4/dhcp.c.o
 .text.dhcp_option_hostname.isra.0
                0x1000ddd8       0x84 CMakeFiles/app.dir/home/cooperp/pico/pico-sdk/lib/lwip/src/core/ipv4/dhcp.c.o
 .text.dhcp_handle_ack.isra.0
                0x1000de5c       0xcc CMakeFiles/app.dir/home/cooperp/pico/pico-sdk/lib/lwip/src/core/ipv4/dhcp.c.o
 .text.dhcp_reboot.isra.0
                0x1000df28      0x178 CMakeFiles/app.dir/home/cooperp/pico/pico-sdk/lib/lwip/src/core/ipv4/dhcp.c.o
 .text.dhcp_discover
                0x1000e0a0      0x148 CMakeFiles/app.dir/home/cooperp/pico/pico-sdk/lib/lwip/src/core/ipv4/dhcp.c.o
 .text.dhcp_select.isra.0
                0x1000e1e8      0x1e0 CMakeFiles/app.dir/home/cooperp/pico/pico-sdk/lib/lwip/src/core/ipv4/dhcp.c.o
 .text.dhcp_recv
                0x1000e3c8      0x47c CMakeFiles/app.dir/home/cooperp/pico/pico-sdk/lib/lwip/src/core/ipv4/dhcp.c.o
 .text.dhcp_set_struct
                0x1000e844       0x44 CMakeFiles/app.dir/home/cooperp/pico/pico-sdk/lib/lwip/src/core/ipv4/dhcp.c.o
                0x1000e844                dhcp_set_struct
 .text.dhcp_network_changed_link_up
                0x1000e888       0x40 CMakeFiles/app.dir/home/cooperp/pico/pico-sdk/lib/lwip/src/core/ipv4/dhcp.c.o
                0x1000e888                dhcp_network_changed_link_up
 .text.dhcp_renew
                0x1000e8c8      0x138 CMakeFiles/app.dir/home/cooperp/pico/pico-sdk/lib/lwip/src/core/ipv4/dhcp.c.o
                0x1000e8c8                dhcp_renew
 .text.dhcp_release_and_stop
                0x1000ea00      0x158 CMakeFiles/app.dir/home/cooperp/pico/pico-sdk/lib/lwip/src/core/ipv4/dhcp.c.o
                0x1000ea00                dhcp_release_and_stop
 .text.dhcp_start
                0x1000eb58       0xb0 CMakeFiles/app.dir/home/cooperp/pico/pico-sdk/lib/lwip/src/core/ipv4/dhcp.c.o
                0x1000eb58                dhcp_start
 .text.dhcp_coarse_tmr
                0x1000ec08      0x1d8 CMakeFiles/app.dir/home/cooperp/pico/pico-sdk/lib/lwip/src/core/ipv4/dhcp.c.o
                0x1000ec08                dhcp_coarse_tmr
 .text.dhcp_fine_tmr
                0x1000ede0       0x78 CMakeFiles/app.dir/home/cooperp/pico/pico-sdk/lib/lwip/src/core/ipv4/dhcp.c.o
                0x1000ede0                dhcp_fine_tmr
 .text.dhcp_stop
                0x1000ee58      0x158 CMakeFiles/app.dir/home/cooperp/pico/pico-sdk/lib/lwip/src/core/ipv4/dhcp.c.o
                0x1000ee58                dhcp_stop
 .text.etharp_find_entry
                0x1000efb0      0x3c0 CMakeFiles/app.dir/home/cooperp/pico/pico-sdk/lib/lwip/src/core/ipv4/etharp.c.o
 .text.etharp_raw
                0x1000f370       0xec CMakeFiles/app.dir/home/cooperp/pico/pico-sdk/lib/lwip/src/core/ipv4/etharp.c.o
 .text.etharp_output_to_arp_index
                0x1000f45c       0xd0 CMakeFiles/app.dir/home/cooperp/pico/pico-sdk/lib/lwip/src/core/ipv4/etharp.c.o
 .text.etharp_tmr
                0x1000f52c       0x94 CMakeFiles/app.dir/home/cooperp/pico/pico-sdk/lib/lwip/src/core/ipv4/etharp.c.o
                0x1000f52c                etharp_tmr
 .text.etharp_cleanup_netif
                0x1000f5c0      0x188 CMakeFiles/app.dir/home/cooperp/pico/pico-sdk/lib/lwip/src/core/ipv4/etharp.c.o
                0x1000f5c0                etharp_cleanup_netif
 .text.etharp_input
                0x1000f748      0x1b8 CMakeFiles/app.dir/home/cooperp/pico/pico-sdk/lib/lwip/src/core/ipv4/etharp.c.o
                0x1000f748                etharp_input
 .text.etharp_query
                0x1000f900      0x1b8 CMakeFiles/app.dir/home/cooperp/pico/pico-sdk/lib/lwip/src/core/ipv4/etharp.c.o
                0x1000f900                etharp_query
 .text.etharp_output
                0x1000fab8      0x24c CMakeFiles/app.dir/home/cooperp/pico/pico-sdk/lib/lwip/src/core/ipv4/etharp.c.o
                0x1000fab8                etharp_output
 .text.etharp_request
                0x1000fd04       0x2c CMakeFiles/app.dir/home/cooperp/pico/pico-sdk/lib/lwip/src/core/ipv4/etharp.c.o
                0x1000fd04                etharp_request
 .text.icmp_input
                0x1000fd30      0x1f0 CMakeFiles/app.dir/home/cooperp/pico/pico-sdk/lib/lwip/src/core/ipv4/icmp.c.o
                0x1000fd30                icmp_input
 .text.icmp_dest_unreach
                0x1000ff20       0xcc CMakeFiles/app.dir/home/cooperp/pico/pico-sdk/lib/lwip/src/core/ipv4/icmp.c.o
                0x1000ff20                icmp_dest_unreach
 .text.icmp_time_exceeded
                0x1000ffec       0xcc CMakeFiles/app.dir/home/cooperp/pico/pico-sdk/lib/lwip/src/core/ipv4/icmp.c.o
                0x1000ffec                icmp_time_exceeded
 .text.ip_reass_free_complete_datagram
                0x100100b8      0x11c CMakeFiles/app.dir/home/cooperp/pico/pico-sdk/lib/lwip/src/core/ipv4/ip4_frag.c.o
 .text.ip_reass_remove_oldest_datagram
                0x100101d4       0xd8 CMakeFiles/app.dir/home/cooperp/pico/pico-sdk/lib/lwip/src/core/ipv4/ip4_frag.c.o
 .text.ip_reass_tmr
                0x100102ac       0x30 CMakeFiles/app.dir/home/cooperp/pico/pico-sdk/lib/lwip/src/core/ipv4/ip4_frag.c.o
                0x100102ac                ip_reass_tmr
 .text.ip4_reass
                0x100102dc      0x560 CMakeFiles/app.dir/home/cooperp/pico/pico-sdk/lib/lwip/src/core/ipv4/ip4_frag.c.o
                0x100102dc                ip4_reass
 .text.ip4_frag
                0x1001083c      0x254 CMakeFiles/app.dir/home/cooperp/pico/pico-sdk/lib/lwip/src/core/ipv4/ip4_frag.c.o
                0x1001083c                ip4_frag
 .text.ip4_route
                0x10010a90       0x7c CMakeFiles/app.dir/home/cooperp/pico/pico-sdk/lib/lwip/src/core/ipv4/ip4.c.o
                0x10010a90                ip4_route
 .text.ip4_input
                0x10010b0c      0x300 CMakeFiles/app.dir/home/cooperp/pico/pico-sdk/lib/lwip/src/core/ipv4/ip4.c.o
                0x10010b0c                ip4_input
 .text.ip4_output_if
                0x10010e0c      0x190 CMakeFiles/app.dir/home/cooperp/pico/pico-sdk/lib/lwip/src/core/ipv4/ip4.c.o
                0x10010e0c                ip4_output_if
 .text.ip4_output_if_src
                0x10010f9c      0x184 CMakeFiles/app.dir/home/cooperp/pico/pico-sdk/lib/lwip/src/core/ipv4/ip4.c.o
                0x10010f9c                ip4_output_if_src
 .text.ip4_addr_isbroadcast_u32
                0x10011120       0x3c CMakeFiles/app.dir/home/cooperp/pico/pico-sdk/lib/lwip/src/core/ipv4/ip4_addr.c.o
                0x10011120                ip4_addr_isbroadcast_u32
 .text.ethernet_input
                0x1001115c       0xd0 CMakeFiles/app.dir/home/cooperp/pico/pico-sdk/lib/lwip/src/netif/ethernet.c.o
                0x1001115c                ethernet_input
 .text.ethernet_output
                0x1001122c       0x6c CMakeFiles/app.dir/home/cooperp/pico/pico-sdk/lib/lwip/src/netif/ethernet.c.o
                0x1001122c                ethernet_output
 .text.cyw43_arch_set_async_context
                0x10011298        0xc CMakeFiles/app.dir/home/cooperp/pico/pico-sdk/src/rp2_common/pico_cyw43_arch/cyw43_arch.c.o
                0x10011298                cyw43_arch_set_async_context
 .text.cyw43_arch_enable_ap_mode
                0x100112a4       0x7c CMakeFiles/app.dir/home/cooperp/pico/pico-sdk/src/rp2_common/pico_cyw43_arch/cyw43_arch.c.o
                0x100112a4                cyw43_arch_enable_ap_mode
 .text.cyw43_arch_disable_ap_mode
                0x10011320       0x28 CMakeFiles/app.dir/home/cooperp/pico/pico-sdk/src/rp2_common/pico_cyw43_arch/cyw43_arch.c.o
                0x10011320                cyw43_arch_disable_ap_mode
 .text.cyw43_arch_gpio_put
                0x10011348       0x14 CMakeFiles/app.dir/home/cooperp/pico/pico-sdk/src/rp2_common/pico_cyw43_arch/cyw43_arch.c.o
                0x10011348                cyw43_arch_gpio_put
 .text.cyw43_arch_async_context
                0x1001135c        0xc CMakeFiles/app.dir/home/cooperp/pico/pico-sdk/src/rp2_common/pico_cyw43_arch/cyw43_arch.c.o
                0x1001135c                cyw43_arch_async_context
 .text.cyw43_arch_poll
                0x10011368       0x18 CMakeFiles/app.dir/home/cooperp/pico/pico-sdk/src/rp2_common/pico_cyw43_arch/cyw43_arch.c.o
                0x10011368                cyw43_arch_poll
 .text.cyw43_arch_init
                0x10011380       0x74 CMakeFiles/app.dir/home/cooperp/pico/pico-sdk/src/rp2_common/pico_cyw43_arch/cyw43_arch_threadsafe_background.c.o
                0x10011380                cyw43_arch_init
 .text.ns_delay.constprop.0
                0x100113f4       0x20 CMakeFiles/app.dir/home/cooperp/pico/pico-sdk/src/rp2_common/pico_cyw43_driver/cyw43_bus_pio_spi.c.o
 .text.cyw43_spi_deinit
                0x10011414       0x6c CMakeFiles/app.dir/home/cooperp/pico/pico-sdk/src/rp2_common/pico_cyw43_driver/cyw43_bus_pio_spi.c.o
                0x10011414                cyw43_spi_deinit
 .text.cyw43_spi_init
                0x10011480      0x128 CMakeFiles/app.dir/home/cooperp/pico/pico-sdk/src/rp2_common/pico_cyw43_driver/cyw43_bus_pio_spi.c.o
                0x10011480                cyw43_spi_init
 .text.cyw43_spi_transfer
                0x100115a8      0x420 CMakeFiles/app.dir/home/cooperp/pico/pico-sdk/src/rp2_common/pico_cyw43_driver/cyw43_bus_pio_spi.c.o
                0x100115a8                cyw43_spi_transfer
 .text.cyw43_spi_gpio_setup
                0x100119c8       0x3c CMakeFiles/app.dir/home/cooperp/pico/pico-sdk/src/rp2_common/pico_cyw43_driver/cyw43_bus_pio_spi.c.o
                0x100119c8                cyw43_spi_gpio_setup
 .text.cyw43_spi_reset
                0x10011a04       0x28 CMakeFiles/app.dir/home/cooperp/pico/pico-sdk/src/rp2_common/pico_cyw43_driver/cyw43_bus_pio_spi.c.o
                0x10011a04                cyw43_spi_reset
 .text.read_reg_u32_swap
                0x10011a2c       0x3c CMakeFiles/app.dir/home/cooperp/pico/pico-sdk/src/rp2_common/pico_cyw43_driver/cyw43_bus_pio_spi.c.o
                0x10011a2c                read_reg_u32_swap
 .text.cyw43_read_reg_u32
                0x10011a68       0x50 CMakeFiles/app.dir/home/cooperp/pico/pico-sdk/src/rp2_common/pico_cyw43_driver/cyw43_bus_pio_spi.c.o
                0x10011a68                cyw43_read_reg_u32
 .text.cyw43_read_reg_u16
                0x10011ab8       0x50 CMakeFiles/app.dir/home/cooperp/pico/pico-sdk/src/rp2_common/pico_cyw43_driver/cyw43_bus_pio_spi.c.o
                0x10011ab8                cyw43_read_reg_u16
 .text.cyw43_read_reg_u8
                0x10011b08       0x50 CMakeFiles/app.dir/home/cooperp/pico/pico-sdk/src/rp2_common/pico_cyw43_driver/cyw43_bus_pio_spi.c.o
                0x10011b08                cyw43_read_reg_u8
 .text.write_reg_u32_swap
                0x10011b58      0x214 CMakeFiles/app.dir/home/cooperp/pico/pico-sdk/src/rp2_common/pico_cyw43_driver/cyw43_bus_pio_spi.c.o
                0x10011b58                write_reg_u32_swap
 .text.cyw43_write_reg_u32
                0x10011d6c      0x214 CMakeFiles/app.dir/home/cooperp/pico/pico-sdk/src/rp2_common/pico_cyw43_driver/cyw43_bus_pio_spi.c.o
                0x10011d6c                cyw43_write_reg_u32
 .text.cyw43_write_reg_u16
                0x10011f80      0x214 CMakeFiles/app.dir/home/cooperp/pico/pico-sdk/src/rp2_common/pico_cyw43_driver/cyw43_bus_pio_spi.c.o
                0x10011f80                cyw43_write_reg_u16
 .text.cyw43_write_reg_u8
                0x10012194      0x214 CMakeFiles/app.dir/home/cooperp/pico/pico-sdk/src/rp2_common/pico_cyw43_driver/cyw43_bus_pio_spi.c.o
                0x10012194                cyw43_write_reg_u8
 .text.cyw43_read_bytes
                0x100123a8       0x78 CMakeFiles/app.dir/home/cooperp/pico/pico-sdk/src/rp2_common/pico_cyw43_driver/cyw43_bus_pio_spi.c.o
                0x100123a8                cyw43_read_bytes
 .text.cyw43_write_bytes
                0x10012420       0xc0 CMakeFiles/app.dir/home/cooperp/pico/pico-sdk/src/rp2_common/pico_cyw43_driver/cyw43_bus_pio_spi.c.o
                0x10012420                cyw43_write_bytes
 .text.cyw43_set_backplane_window
                0x100124e0       0x68 CMakeFiles/app.dir/home/cooperp/pico/pico-sdk/lib/cyw43-driver/src/cyw43_ll.c.o
 .text.cyw43_ll_parse_async_event
                0x10012548      0x134 CMakeFiles/app.dir/home/cooperp/pico/pico-sdk/lib/cyw43-driver/src/cyw43_ll.c.o
 .text.cyw43_kso_set
                0x1001267c       0x80 CMakeFiles/app.dir/home/cooperp/pico/pico-sdk/lib/cyw43-driver/src/cyw43_ll.c.o
 .text.cyw43_ll_sdpcm_poll_device
                0x100126fc      0x238 CMakeFiles/app.dir/home/cooperp/pico/pico-sdk/lib/cyw43-driver/src/cyw43_ll.c.o
 .text.cyw43_sdpcm_send_common
                0x10012934       0xfc CMakeFiles/app.dir/home/cooperp/pico/pico-sdk/lib/cyw43-driver/src/cyw43_ll.c.o
 .text.cyw43_do_ioctl.part.0
                0x10012a30       0xc4 CMakeFiles/app.dir/home/cooperp/pico/pico-sdk/lib/cyw43-driver/src/cyw43_ll.c.o
 .text.cyw43_download_resource
                0x10012af4       0xd0 CMakeFiles/app.dir/home/cooperp/pico/pico-sdk/lib/cyw43-driver/src/cyw43_ll.c.o
 .text.cyw43_write_iovar_u32.constprop.0
                0x10012bc4       0x98 CMakeFiles/app.dir/home/cooperp/pico/pico-sdk/lib/cyw43-driver/src/cyw43_ll.c.o
 .text.cyw43_write_iovar_n
                0x10012c5c       0x8c CMakeFiles/app.dir/home/cooperp/pico/pico-sdk/lib/cyw43-driver/src/cyw43_ll.c.o
 .text.cyw43_write_iovar_u32_u32.constprop.0
                0x10012ce8       0xac CMakeFiles/app.dir/home/cooperp/pico/pico-sdk/lib/cyw43-driver/src/cyw43_ll.c.o
 .text.cyw43_read_backplane.constprop.0
                0x10012d94       0xe4 CMakeFiles/app.dir/home/cooperp/pico/pico-sdk/lib/cyw43-driver/src/cyw43_ll.c.o
 .text.cyw43_write_backplane
                0x10012e78      0x10c CMakeFiles/app.dir/home/cooperp/pico/pico-sdk/lib/cyw43-driver/src/cyw43_ll.c.o
 .text.reset_device_core.constprop.0
                0x10012f84      0x410 CMakeFiles/app.dir/home/cooperp/pico/pico-sdk/lib/cyw43-driver/src/cyw43_ll.c.o
 .text.cyw43_ll_init
                0x10013394       0x1c CMakeFiles/app.dir/home/cooperp/pico/pico-sdk/lib/cyw43-driver/src/cyw43_ll.c.o
                0x10013394                cyw43_ll_init
 .text.cyw43_ll_deinit
                0x100133b0        0x8 CMakeFiles/app.dir/home/cooperp/pico/pico-sdk/lib/cyw43-driver/src/cyw43_ll.c.o
                0x100133b0                cyw43_ll_deinit
 .text.cyw43_ll_send_ethernet
                0x100133b8       0x60 CMakeFiles/app.dir/home/cooperp/pico/pico-sdk/lib/cyw43-driver/src/cyw43_ll.c.o
                0x100133b8                cyw43_ll_send_ethernet
 .text.cyw43_ll_process_packets